Component: ARM Compiler 5.06 update 7 (build 960) Tool: armlink [4d3601]

==============================================================================

Section Cross References

    main.o(i.assert_nrf_callback) refers to app_error_handler_keil.o(.emb_text) for app_error_handler
    main.o(i.bas_c_evt_handler) refers to nrf_log_frontend.o(i.nrf_log_frontend_std_1) for nrf_log_frontend_std_1
    main.o(i.bas_c_evt_handler) refers to ble_bas_c.o(i.ble_bas_c_handles_assign) for ble_bas_c_handles_assign
    main.o(i.bas_c_evt_handler) refers to app_error.o(i.app_error_handler_bare) for app_error_handler_bare
    main.o(i.bas_c_evt_handler) refers to ble_bas_c.o(i.ble_bas_c_bl_read) for ble_bas_c_bl_read
    main.o(i.bas_c_evt_handler) refers to ble_bas_c.o(i.ble_bas_c_bl_notif_enable) for ble_bas_c_bl_notif_enable
    main.o(i.bas_c_evt_handler) refers to nrf_log_frontend.o(log_const_data) for m_nrf_log_app_logs_data_const
    main.o(i.ble_evt_handler) refers to nrf_log_frontend.o(i.nrf_log_frontend_std_0) for nrf_log_frontend_std_0
    main.o(i.ble_evt_handler) refers to ble_db_discovery.o(i.ble_db_discovery_start) for ble_db_discovery_start
    main.o(i.ble_evt_handler) refers to app_error.o(i.app_error_handler_bare) for app_error_handler_bare
    main.o(i.ble_evt_handler) refers to bsp.o(i.bsp_indication_set) for bsp_indication_set
    main.o(i.ble_evt_handler) refers to ble_conn_state.o(i.ble_conn_state_central_conn_count) for ble_conn_state_central_conn_count
    main.o(i.ble_evt_handler) refers to main.o(i.scan_start) for scan_start
    main.o(i.ble_evt_handler) refers to nrf_log_frontend.o(i.nrf_log_frontend_std_1) for nrf_log_frontend_std_1
    main.o(i.ble_evt_handler) refers to nrf_log_frontend.o(i.nrf_log_frontend_std_5) for nrf_log_frontend_std_5
    main.o(i.ble_evt_handler) refers to nrf_log_frontend.o(log_const_data) for m_nrf_log_app_logs_data_const
    main.o(i.ble_evt_handler) refers to main.o(.data) for .data
    main.o(i.ble_evt_handler) refers to main.o(.conststring) for .conststring
    main.o(i.bsp_event_handler) refers to nrf_pwr_mgmt.o(i.nrf_pwr_mgmt_shutdown) for nrf_pwr_mgmt_shutdown
    main.o(i.bsp_event_handler) refers to app_error.o(i.app_error_handler_bare) for app_error_handler_bare
    main.o(i.bsp_event_handler) refers to nrf_log_frontend.o(i.nrf_log_frontend_std_0) for nrf_log_frontend_std_0
    main.o(i.bsp_event_handler) refers to nrf_ble_scan.o(i.nrf_ble_scan_stop) for nrf_ble_scan_stop
    main.o(i.bsp_event_handler) refers to main.o(i.scan_start) for scan_start
    main.o(i.bsp_event_handler) refers to main.o(.data) for .data
    main.o(i.bsp_event_handler) refers to nrf_log_frontend.o(log_const_data) for m_nrf_log_app_logs_data_const
    main.o(i.db_disc_handler) refers to ble_hrs_c.o(i.ble_hrs_on_db_disc_evt) for ble_hrs_on_db_disc_evt
    main.o(i.db_disc_handler) refers to ble_bas_c.o(i.ble_bas_on_db_disc_evt) for ble_bas_on_db_disc_evt
    main.o(i.db_disc_handler) refers to main.o(.bss) for .bss
    main.o(i.gatt_evt_handler) refers to nrf_log_frontend.o(i.nrf_log_frontend_std_2) for nrf_log_frontend_std_2
    main.o(i.gatt_evt_handler) refers to nrf_log_frontend.o(log_const_data) for m_nrf_log_app_logs_data_const
    main.o(i.hrs_c_evt_handler) refers to nrf_log_frontend.o(i.nrf_log_frontend_std_1) for nrf_log_frontend_std_1
    main.o(i.hrs_c_evt_handler) refers to ble_hrs_c.o(i.ble_hrs_c_handles_assign) for ble_hrs_c_handles_assign
    main.o(i.hrs_c_evt_handler) refers to app_error.o(i.app_error_handler_bare) for app_error_handler_bare
    main.o(i.hrs_c_evt_handler) refers to peer_manager.o(i.pm_conn_secure) for pm_conn_secure
    main.o(i.hrs_c_evt_handler) refers to ble_hrs_c.o(i.ble_hrs_c_hrm_notif_enable) for ble_hrs_c_hrm_notif_enable
    main.o(i.hrs_c_evt_handler) refers to nrf_log_frontend.o(log_const_data) for m_nrf_log_app_logs_data_const
    main.o(i.main) refers to nrf_log_frontend.o(i.nrf_log_init) for nrf_log_init
    main.o(i.main) refers to app_error.o(i.app_error_handler_bare) for app_error_handler_bare
    main.o(i.main) refers to nrf_log_default_backends.o(i.nrf_log_default_backends_init) for nrf_log_default_backends_init
    main.o(i.main) refers to app_timer2.o(i.app_timer_init) for app_timer_init
    main.o(i.main) refers to nrf_pwr_mgmt.o(i.nrf_pwr_mgmt_init) for nrf_pwr_mgmt_init
    main.o(i.main) refers to bsp.o(i.bsp_init) for bsp_init
    main.o(i.main) refers to bsp_btn_ble.o(i.bsp_btn_ble_init) for bsp_btn_ble_init
    main.o(i.main) refers to nrf_sdh.o(i.nrf_sdh_enable_request) for nrf_sdh_enable_request
    main.o(i.main) refers to nrf_sdh_ble.o(i.nrf_sdh_ble_default_cfg_set) for nrf_sdh_ble_default_cfg_set
    main.o(i.main) refers to nrf_sdh_ble.o(i.nrf_sdh_ble_enable) for nrf_sdh_ble_enable
    main.o(i.main) refers to nrf_ble_gatt.o(i.nrf_ble_gatt_init) for nrf_ble_gatt_init
    main.o(i.main) refers to main.o(i.peer_manager_init) for peer_manager_init
[...]
    0x00032796   0x00032796   0x0000004a   Code   RO         7872    i.nrf_atflags_find_and_set_flag  nrf_atflags.o
    0x000327e0   0x000327e0   0x00000016   Code   RO         7873    i.nrf_atflags_get   nrf_atflags.o
    0x000327f6   0x000327f6   0x00000014   Code   RO         7875    i.nrf_atflags_set   nrf_atflags.o
    0x0003280a   0x0003280a   0x00000006   Code   RO         7936    i.nrf_atomic_flag_clear_fetch  nrf_atomic.o
    0x00032810   0x00032810   0x00000006   Code   RO         7937    i.nrf_atomic_flag_set  nrf_atomic.o
    0x00032816   0x00032816   0x00000006   Code   RO         7938    i.nrf_atomic_flag_set_fetch  nrf_atomic.o
    0x0003281c   0x0003281c   0x0000000c   Code   RO         7939    i.nrf_atomic_u32_add  nrf_atomic.o
    0x00032828   0x00032828   0x0000000c   Code   RO         7940    i.nrf_atomic_u32_and  nrf_atomic.o
    0x00032834   0x00032834   0x0000000a   Code   RO         7942    i.nrf_atomic_u32_fetch_add  nrf_atomic.o
    0x0003283e   0x0003283e   0x0000000a   Code   RO         7943    i.nrf_atomic_u32_fetch_and  nrf_atomic.o
    0x00032848   0x00032848   0x0000000a   Code   RO         7944    i.nrf_atomic_u32_fetch_or  nrf_atomic.o
    0x00032852   0x00032852   0x0000000a   Code   RO         7945    i.nrf_atomic_u32_fetch_store  nrf_atomic.o
    0x0003285c   0x0003285c   0x0000000c   Code   RO         7949    i.nrf_atomic_u32_or  nrf_atomic.o
    0x00032868   0x00032868   0x0000000c   Code   RO         7951    i.nrf_atomic_u32_sub  nrf_atomic.o
    0x00032874   0x00032874   0x00000044   Code   RO         8070    i.nrf_balloc_alloc  nrf_balloc.o
    0x000328b8   0x000328b8   0x00000030   Code   RO         8071    i.nrf_balloc_free   nrf_balloc.o
    0x000328e8   0x000328e8   0x00000030   Code   RO         8072    i.nrf_balloc_init   nrf_balloc.o
    0x00032918   0x00032918   0x00000010   Code   RO         5945    i.nrf_bitmask_bit_is_set  nrfx_gpiote.o
    0x00032928   0x00032928   0x00000014   Code   RO         5946    i.nrf_bitmask_bit_set  nrfx_gpiote.o
    0x0003293c   0x0003293c   0x00000022   Code   RO         1771    i.nrf_ble_gatt_init  nrf_ble_gatt.o
    0x0003295e   0x0003295e   0x00000002   PAD
    0x00032960   0x00032960   0x00000150   Code   RO         1772    i.nrf_ble_gatt_on_ble_evt  nrf_ble_gatt.o
    0x00032ab0   0x00032ab0   0x0000006e   Code   RO         1869    i.nrf_ble_gq_conn_handle_register  nrf_ble_gq.o
    0x00032b1e   0x00032b1e   0x00000002   PAD
    0x00032b20   0x00032b20   0x000000a0   Code   RO         1870    i.nrf_ble_gq_item_add  nrf_ble_gq.o
    0x00032bc0   0x00032bc0   0x00000060   Code   RO         1871    i.nrf_ble_gq_on_ble_evt  nrf_ble_gq.o
    0x00032c20   0x00032c20   0x00000078   Code   RO         1948    i.nrf_ble_lesc_init  nrf_ble_lesc.o
    0x00032c98   0x00032c98   0x00000148   Code   RO         1949    i.nrf_ble_lesc_keypair_generate  nrf_ble_lesc.o
    0x00032de0   0x00032de0   0x000000c8   Code   RO         1950    i.nrf_ble_lesc_on_ble_evt  nrf_ble_lesc.o
    0x00032ea8   0x00032ea8   0x0000003c   Code   RO         1954    i.nrf_ble_lesc_public_key_get  nrf_ble_lesc.o
    0x00032ee4   0x00032ee4   0x00000050   Code   RO         1955    i.nrf_ble_lesc_request_handler  nrf_ble_lesc.o
    0x00032f34   0x00032f34   0x00000094   Code   RO         2334    i.nrf_ble_scan_addr_filter_add  nrf_ble_scan.o
    0x00032fc8   0x00032fc8   0x00000024   Code   RO         2335    i.nrf_ble_scan_address_type_decode  nrf_ble_scan.o
    0x00032fec   0x00032fec   0x00000050   Code   RO         2337    i.nrf_ble_scan_connect_with_target  nrf_ble_scan.o
    0x0003303c   0x0003303c   0x00000014   Code   RO         2339    i.nrf_ble_scan_default_conn_param_set  nrf_ble_scan.o
    0x00033050   0x00033050   0x00000020   Code   RO         2340    i.nrf_ble_scan_default_param_set  nrf_ble_scan.o
    0x00033070   0x00033070   0x000000b2   Code   RO         2342    i.nrf_ble_scan_filter_set  nrf_ble_scan.o
    0x00033122   0x00033122   0x00000018   Code   RO         2343    i.nrf_ble_scan_filters_disable  nrf_ble_scan.o
    0x0003313a   0x0003313a   0x0000004e   Code   RO         2344    i.nrf_ble_scan_filters_enable  nrf_ble_scan.o
    0x00033188   0x00033188   0x00000074   Code   RO         2345    i.nrf_ble_scan_init  nrf_ble_scan.o
    0x000331fc   0x000331fc   0x000001a8   Code   RO         2346    i.nrf_ble_scan_on_adv_report  nrf_ble_scan.o
    0x000333a4   0x000333a4   0x000000ae   Code   RO         2347    i.nrf_ble_scan_on_ble_evt  nrf_ble_scan.o
    0x00033452   0x00033452   0x00000028   Code   RO         2348    i.nrf_ble_scan_params_set  nrf_ble_scan.o
    0x0003347a   0x0003347a   0x00000002   PAD
    0x0003347c   0x0003347c   0x00000088   Code   RO         2349    i.nrf_ble_scan_start  nrf_ble_scan.o
    0x00033504   0x00033504   0x00000004   Code   RO         2350    i.nrf_ble_scan_stop  nrf_ble_scan.o
    0x00033508   0x00033508   0x0000000e   Code   RO         5804    i.nrf_clock_event_check  nrfx_clock.o
    0x00033516   0x00033516   0x00000010   Code   RO         5805    i.nrf_clock_event_clear  nrfx_clock.o
    0x00033526   0x00033526   0x00000052   Code   RO         4808    i.nrf_crypto_backend_cc310_curve25519_ecdh_compute  cc310_backend_ecdh.o
    0x00033578   0x00033578   0x0000000e   Code   RO         4633    i.nrf_crypto_backend_cc310_curve25519_key_from_raw  cc310_backend_ecc.o
    0x00033586   0x00033586   0x00000002   PAD
    0x00033588   0x00033588   0x00000050   Code   RO         4634    i.nrf_crypto_backend_cc310_curve25519_key_pair_generate  cc310_backend_ecc.o
    0x000335d8   0x000335d8   0x00000014   Code   RO         4635    i.nrf_crypto_backend_cc310_curve25519_key_to_raw  cc310_backend_ecc.o
    0x000335ec   0x000335ec   0x00000030   Code   RO         4636    i.nrf_crypto_backend_cc310_ecc_error_convert  cc310_backend_ecc.o
    0x0003361c   0x0003361c   0x00000080   Code   RO         4637    i.nrf_crypto_backend_cc310_ecc_public_key_convert  cc310_backend_ecc.o
    0x0003369c   0x0003369c   0x00000086   Code   RO         4809    i.nrf_crypto_backend_cc310_ecdh_compute  cc310_backend_ecdh.o
    0x00033722   0x00033722   0x00000002   PAD
    0x00033724   0x00033724   0x00000054   Code   RO         4638    i.nrf_crypto_backend_cc310_ed25519_key_pair_generate  cc310_backend_ecc.o
    0x00033778   0x00033778   0x0000006a   Code   RO         4639    i.nrf_crypto_backend_cc310_ed25519_private_key_from_raw  cc310_backend_ecc.o
    0x000337e2   0x000337e2   0x00000014   Code   RO         4640    i.nrf_crypto_backend_cc310_ed25519_private_key_to_raw  cc310_backend_ecc.o
    0x000337f6   0x000337f6   0x00000012   Code   RO         4641    i.nrf_crypto_backend_cc310_ed25519_public_key_calculate  cc310_backend_ecc.o
    0x00033808   0x00033808   0x0000000e   Code   RO         4642    i.nrf_crypto_backend_cc310_ed25519_public_key_from_raw  cc310_backend_ecc.o
    0x00033816   0x00033816   0x00000014   Code   RO         4643    i.nrf_crypto_backend_cc310_ed25519_public_key_to_raw  cc310_backend_ecc.o
    0x0003382a   0x0003382a   0x00000002   PAD
    0x0003382c   0x0003382c   0x00000058   Code   RO         4644    i.nrf_crypto_backend_cc310_key_pair_generate  cc310_backend_ecc.o
    0x00033884   0x00033884   0x0000003e   Code   RO         4645    i.nrf_crypto_backend_cc310_private_key_from_raw  cc310_backend_ecc.o
    0x000338c2   0x000338c2   0x00000024   Code   RO         4646    i.nrf_crypto_backend_cc310_private_key_to_raw  cc310_backend_ecc.o
    0x000338e6   0x000338e6   0x00000016   Code   RO         4647    i.nrf_crypto_backend_cc310_public_key_from_raw  cc310_backend_ecc.o
    0x000338fc   0x000338fc   0x0000006e   Code   RO         4648    i.nrf_crypto_backend_cc310_public_key_to_raw  cc310_backend_ecc.o
    0x0003396a   0x0003396a   0x00000002   PAD
    0x0003396c   0x0003396c   0x00000024   Code   RO         5205    i.nrf_crypto_backend_cc310_rng  cc310_backend_shared.o
    0x00033990   0x00033990   0x00000048   Code   RO         3891    i.nrf_crypto_ecc_byte_order_invert  nrf_crypto_ecc.o
    0x000339d8   0x000339d8   0x0000008c   Code   RO         3893    i.nrf_crypto_ecc_key_pair_generate  nrf_crypto_ecc.o
    0x00033a64   0x00033a64   0x00000048   Code   RO         3899    i.nrf_crypto_ecc_public_key_from_raw  nrf_crypto_ecc.o
    0x00033aac   0x00033aac   0x00000044   Code   RO         3900    i.nrf_crypto_ecc_public_key_to_raw  nrf_crypto_ecc.o
    0x00033af0   0x00033af0   0x000000a4   Code   RO         3992    i.nrf_crypto_ecdh_compute  nrf_crypto_ecdh.o
    0x00033b94   0x00033b94   0x00000040   Code   RO         4239    i.nrf_crypto_init   nrf_crypto_init.o
    0x00033bd4   0x00033bd4   0x00000018   Code   RO         3901    i.nrf_crypto_internal_ecc_key_input_check  nrf_crypto_ecc.o
    0x00033bec   0x00033bec   0x0000001a   Code   RO         3902    i.nrf_crypto_internal_ecc_key_output_prepare  nrf_crypto_ecc.o
    0x00033c06   0x00033c06   0x00000016   Code   RO         3903    i.nrf_crypto_internal_ecc_raw_input_check  nrf_crypto_ecc.o
    0x00033c1c   0x00033c1c   0x0000001c   Code   RO         3904    i.nrf_crypto_internal_ecc_raw_output_prepare  nrf_crypto_ecc.o
    0x00033c38   0x00033c38   0x0000001c   Code   RO         4241    i.nrf_crypto_is_initializing  nrf_crypto_init.o
    0x00033c54   0x00033c54   0x00000040   Code   RO         5148    i.nrf_crypto_rng_backend_init  cc310_backend_rng.o
    0x00033c94   0x00033c94   0x00000062   Code   RO         5149    i.nrf_crypto_rng_backend_reseed  cc310_backend_rng.o
    0x00033cf6   0x00033cf6   0x00000044   Code   RO         5151    i.nrf_crypto_rng_backend_vector_generate  cc310_backend_rng.o
    0x00033d3a   0x00033d3a   0x00000002   PAD
    0x00033d3c   0x00033d3c   0x000000bc   Code   RO         4287    i.nrf_crypto_rng_init  nrf_crypto_rng.o
    0x00033df8   0x00033df8   0x00000098   Code   RO         4288    i.nrf_crypto_rng_reseed  nrf_crypto_rng.o
    0x00033e90   0x00033e90   0x00000006   Code   RO         4290    i.nrf_crypto_rng_vector_generate  nrf_crypto_rng.o
    0x00033e96   0x00033e96   0x00000006   Code   RO         4293    i.nrf_crypto_rng_vector_generate_no_mutex  nrf_crypto_rng.o
    0x00033e9c   0x00033e9c   0x00000038   Code   RO         5391    i.nrf_drv_clock_init  nrf_drv_clock.o
    0x00033ed4   0x00033ed4   0x00000030   Code   RO         5395    i.nrf_drv_clock_lfclk_release  nrf_drv_clock.o
    0x00033f04   0x00033f04   0x00000068   Code   RO         5612    i.nrf_drv_uart_init  nrf_drv_uart.o
    0x00033f6c   0x00033f6c   0x0000001a   Code   RO         8107    i.nrf_fprintf       nrf_fprintf.o
    0x00033f86   0x00033f86   0x00000018   Code   RO         8108    i.nrf_fprintf_buffer_flush  nrf_fprintf.o
    0x00033f9e   0x00033f9e   0x000001da   Code   RO         8148    i.nrf_fprintf_fmt   nrf_fprintf_format.o
    0x00034178   0x00034178   0x00000138   Code   RO         8188    i.nrf_fstorage_erase  nrf_fstorage.o
    0x000342b0   0x000342b0   0x00000094   Code   RO         8189    i.nrf_fstorage_init  nrf_fstorage.o
    0x00034344   0x00034344   0x00000050   Code   RO         8190    i.nrf_fstorage_is_busy  nrf_fstorage.o
    0x00034394   0x00034394   0x00000018   Code   RO         8277    i.nrf_fstorage_sdh_req_handler  nrf_fstorage_sd.o
    0x000343ac   0x000343ac   0x00000020   Code   RO         8278    i.nrf_fstorage_sdh_state_handler  nrf_fstorage_sd.o
    0x000343cc   0x000343cc   0x000000a4   Code   RO         8279    i.nrf_fstorage_sys_evt_handler  nrf_fstorage_sd.o
    0x00034470   0x00034470   0x000001dc   Code   RO         8195    i.nrf_fstorage_write  nrf_fstorage.o
    0x0003464c   0x0003464c   0x00000032   Code   RO          479    i.nrf_gpio_cfg      boards.o
    0x0003467e   0x0003467e   0x00000032   Code   RO         5947    i.nrf_gpio_cfg      nrfx_gpiote.o
    0x000346b0   0x000346b0   0x00000032   Code   RO         6351    i.nrf_gpio_cfg      nrfx_uart.o
    0x000346e2   0x000346e2   0x00000032   Code   RO         6547    i.nrf_gpio_cfg      nrfx_uarte.o
    0x00034714   0x00034714   0x00000012   Code   RO         6352    i.nrf_gpio_cfg_default  nrfx_uart.o
    0x00034726   0x00034726   0x00000012   Code   RO         6548    i.nrf_gpio_cfg_default  nrfx_uarte.o
    0x00034738   0x00034738   0x00000012   Code   RO         6353    i.nrf_gpio_cfg_input  nrfx_uart.o
    0x0003474a   0x0003474a   0x00000012   Code   RO         6549    i.nrf_gpio_cfg_input  nrfx_uarte.o
    0x0003475c   0x0003475c   0x00000014   Code   RO         6354    i.nrf_gpio_cfg_output  nrfx_uart.o
    0x00034770   0x00034770   0x00000014   Code   RO         6550    i.nrf_gpio_cfg_output  nrfx_uarte.o
    0x00034784   0x00034784   0x00000030   Code   RO         5949    i.nrf_gpio_cfg_sense_set  nrfx_gpiote.o
    0x000347b4   0x000347b4   0x0000001c   Code   RO          480    i.nrf_gpio_pin_port_decode  boards.o
    0x000347d0   0x000347d0   0x0000001c   Code   RO         5951    i.nrf_gpio_pin_port_decode  nrfx_gpiote.o
    0x000347ec   0x000347ec   0x0000001c   Code   RO         6355    i.nrf_gpio_pin_port_decode  nrfx_uart.o
    0x00034808   0x00034808   0x0000001c   Code   RO         6551    i.nrf_gpio_pin_port_decode  nrfx_uarte.o
    0x00034824   0x00034824   0x00000016   Code   RO         5952    i.nrf_gpio_pin_read  nrfx_gpiote.o
    0x0003483a   0x0003483a   0x00000014   Code   RO         6356    i.nrf_gpio_pin_set  nrfx_uart.o
    0x0003484e   0x0003484e   0x00000014   Code   RO         6552    i.nrf_gpio_pin_set  nrfx_uarte.o
    0x00034862   0x00034862   0x00000026   Code   RO          481    i.nrf_gpio_pin_write  boards.o
    0x00034888   0x00034888   0x0000002c   Code   RO         5954    i.nrf_gpio_ports_read  nrfx_gpiote.o
    0x000348b4   0x000348b4   0x00000014   Code   RO         5955    i.nrf_gpiote_event_clear  nrfx_gpiote.o
    0x000348c8   0x000348c8   0x00000010   Code   RO         5956    i.nrf_gpiote_event_is_set  nrfx_gpiote.o
    0x000348d8   0x000348d8   0x0000005c   Code   RO         9017    i.nrf_log_backend_add  nrf_log_frontend.o
    0x00034934   0x00034934   0x000000c2   Code   RO         8856    i.nrf_log_backend_serial_put  nrf_log_backend_serial.o
    0x000349f6   0x000349f6   0x00000002   Code   RO         8896    i.nrf_log_backend_uart_flush  nrf_log_backend_uart.o
    0x000349f8   0x000349f8   0x00000006   Code   RO         8897    i.nrf_log_backend_uart_init  nrf_log_backend_uart.o
    0x000349fe   0x000349fe   0x00000002   PAD
    0x00034a00   0x00034a00   0x0000002c   Code   RO         8898    i.nrf_log_backend_uart_panic_set  nrf_log_backend_uart.o
    0x00034a2c   0x00034a2c   0x00000018   Code   RO         8899    i.nrf_log_backend_uart_put  nrf_log_backend_uart.o
    0x00034a44   0x00034a44   0x00000030   Code   RO         9019    i.nrf_log_color_id_get  nrf_log_frontend.o
    0x00034a74   0x00034a74   0x0000001c   Code   RO         8975    i.nrf_log_default_backends_init  nrf_log_default_backends.o
    0x00034a90   0x00034a90   0x00000230   Code   RO         9020    i.nrf_log_frontend_dequeue  nrf_log_frontend.o
    0x00034cc0   0x00034cc0   0x00000008   Code   RO         9022    i.nrf_log_frontend_std_0  nrf_log_frontend.o
    0x00034cc8   0x00034cc8   0x0000000e   Code   RO         9023    i.nrf_log_frontend_std_1  nrf_log_frontend.o
    0x00034cd6   0x00034cd6   0x00000010   Code   RO         9024    i.nrf_log_frontend_std_2  nrf_log_frontend.o
    0x00034ce6   0x00034ce6   0x00000012   Code   RO         9025    i.nrf_log_frontend_std_3  nrf_log_frontend.o
    0x00034cf8   0x00034cf8   0x00000014   Code   RO         9026    i.nrf_log_frontend_std_4  nrf_log_frontend.o
    0x00034d0c   0x00034d0c   0x0000001c   Code   RO         9027    i.nrf_log_frontend_std_5  nrf_log_frontend.o
    0x00034d28   0x00034d28   0x000000b0   Code   RO         9197    i.nrf_log_hexdump_entry_process  nrf_log_str_formatter.o
    0x00034dd8   0x00034dd8   0x0000003c   Code   RO         9029    i.nrf_log_init      nrf_log_frontend.o
    0x00034e14   0x00034e14   0x00000014   Code   RO         9030    i.nrf_log_module_cnt_get  nrf_log_frontend.o
    0x00034e28   0x00034e28   0x0000001c   Code   RO         9033    i.nrf_log_module_name_get  nrf_log_frontend.o
    0x00034e44   0x00034e44   0x0000002c   Code   RO         9034    i.nrf_log_panic     nrf_log_frontend.o
    0x00034e70   0x00034e70   0x000000b6   Code   RO         9198    i.nrf_log_std_entry_process  nrf_log_str_formatter.o
    0x00034f26   0x00034f26   0x00000060   Code   RO         8386    i.nrf_memobj_alloc  nrf_memobj.o
    0x00034f86   0x00034f86   0x00000032   Code   RO         8387    i.nrf_memobj_free   nrf_memobj.o
    0x00034fb8   0x00034fb8   0x00000008   Code   RO         8388    i.nrf_memobj_get    nrf_memobj.o
    0x00034fc0   0x00034fc0   0x00000004   Code   RO         8389    i.nrf_memobj_pool_init  nrf_memobj.o
    0x00034fc4   0x00034fc4   0x0000001e   Code   RO         8390    i.nrf_memobj_put    nrf_memobj.o
    0x00034fe2   0x00034fe2   0x00000010   Code   RO         8391    i.nrf_memobj_read   nrf_memobj.o
    0x00034ff2   0x00034ff2   0x00000010   Code   RO         8392    i.nrf_memobj_write  nrf_memobj.o
    0x00035002   0x00035002   0x00000002   PAD
    0x00035004   0x00035004   0x00000028   Code   RO         8464    i.nrf_pwr_mgmt_init  nrf_pwr_mgmt.o
    0x0003502c   0x0003502c   0x00000044   Code   RO         8465    i.nrf_pwr_mgmt_run  nrf_pwr_mgmt.o
    0x00035070   0x00035070   0x0000003c   Code   RO         8466    i.nrf_pwr_mgmt_shutdown  nrf_pwr_mgmt.o
    0x000350ac   0x000350ac   0x0000008e   Code   RO         8535    i.nrf_queue_generic_pop  nrf_queue.o
    0x0003513a   0x0003513a   0x00000012   Code   RO         8537    i.nrf_queue_is_empty  nrf_queue.o
    0x0003514c   0x0003514c   0x0000001e   Code   RO         8538    i.nrf_queue_is_full  nrf_queue.o
    0x0003516a   0x0003516a   0x0000000e   Code   RO         8541    i.nrf_queue_next_idx  nrf_queue.o
    0x00035178   0x00035178   0x000000b2   Code   RO         8543    i.nrf_queue_push    nrf_queue.o
    0x0003522a   0x0003522a   0x0000001c   Code   RO         8656    i.nrf_ringbuf_init  nrf_ringbuf.o
    0x00035246   0x00035246   0x0000000c   Code   RO         7206    i.nrf_rtc_event_clear  drv_rtc.o
    0x00035252   0x00035252   0x00000002   PAD
    0x00035254   0x00035254   0x00000014   Code   RO         9732    i.nrf_sdh_ble_app_ram_start_get  nrf_sdh_ble.o
    0x00035268   0x00035268   0x00000134   Code   RO         9733    i.nrf_sdh_ble_default_cfg_set  nrf_sdh_ble.o
    0x0003539c   0x0003539c   0x00000130   Code   RO         9734    i.nrf_sdh_ble_enable  nrf_sdh_ble.o
    0x000354cc   0x000354cc   0x00000060   Code   RO         9735    i.nrf_sdh_ble_evts_poll  nrf_sdh_ble.o
    0x0003552c   0x0003552c   0x00000054   Code   RO         9613    i.nrf_sdh_disable_request  nrf_sdh.o
    0x00035580   0x00035580   0x00000074   Code   RO         9614    i.nrf_sdh_enable_request  nrf_sdh.o
    0x000355f4   0x000355f4   0x00000024   Code   RO         9615    i.nrf_sdh_evts_poll  nrf_sdh.o
    0x00035618   0x00035618   0x0000000c   Code   RO         9616    i.nrf_sdh_is_enabled  nrf_sdh.o
    0x00035624   0x00035624   0x0000001c   Code   RO         9618    i.nrf_sdh_request_continue  nrf_sdh.o
    0x00035640   0x00035640   0x0000003c   Code   RO         9786    i.nrf_sdh_soc_evts_poll  nrf_sdh_soc.o
    0x0003567c   0x0003567c   0x0000000a   Code   RO         8714    i.nrf_section_iter_init  nrf_section_iter.o
    0x00035686   0x00035686   0x00000024   Code   RO         8715    i.nrf_section_iter_item_set  nrf_section_iter.o
    0x000356aa   0x000356aa   0x00000020   Code   RO         8716    i.nrf_section_iter_next  nrf_section_iter.o
    0x000356ca   0x000356ca   0x00000022   Code   RO         8749    i.nrf_sortlist_add  nrf_sortlist.o
    0x000356ec   0x000356ec   0x00000006   Code   RO         8751    i.nrf_sortlist_peek  nrf_sortlist.o
    0x000356f2   0x000356f2   0x0000000e   Code   RO         8752    i.nrf_sortlist_pop  nrf_sortlist.o
    0x00035700   0x00035700   0x0000001e   Code   RO         8753    i.nrf_sortlist_remove  nrf_sortlist.o
    0x0003571e   0x0003571e   0x00000002   PAD
    0x00035720   0x00035720   0x00000014   Code   RO         4294    i.nrf_stack_info_overflowed  nrf_crypto_rng.o
    0x00035734   0x00035734   0x00000038   Code   RO         8805    i.nrf_strerror_find  nrf_strerror.o
    0x0003576c   0x0003576c   0x00000014   Code   RO         8806    i.nrf_strerror_get  nrf_strerror.o
    0x00035780   0x00035780   0x0000000a   Code   RO         6357    i.nrf_uart_event_check  nrfx_uart.o
    0x0003578a   0x0003578a   0x0000000c   Code   RO         6358    i.nrf_uart_event_clear  nrfx_uart.o
    0x00035796   0x00035796   0x0000000c   Code   RO         6359    i.nrf_uart_int_enable_check  nrfx_uart.o
    0x000357a2   0x000357a2   0x0000000a   Code   RO         6553    i.nrf_uarte_event_check  nrfx_uarte.o
    0x000357ac   0x000357ac   0x0000000c   Code   RO         6554    i.nrf_uarte_event_clear  nrfx_uarte.o
    0x000357b8   0x000357b8   0x0000002c   Code   RO         5810    i.nrfx_clock_enable  nrfx_clock.o
    0x000357e4   0x000357e4   0x00000020   Code   RO         5813    i.nrfx_clock_init   nrfx_clock.o
    0x00035804   0x00035804   0x0000001c   Code   RO         5816    i.nrfx_clock_lfclk_stop  nrfx_clock.o
    0x00035820   0x00035820   0x00000010   Code   RO         7207    i.nrfx_coredep_delay_us  drv_rtc.o
    0x00035830   0x00035830   0x00000098   Code   RO         5961    i.nrfx_gpiote_in_event_enable  nrfx_gpiote.o
    0x000358c8   0x000358c8   0x000000d4   Code   RO         5962    i.nrfx_gpiote_in_init  nrfx_gpiote.o
    0x0003599c   0x0003599c   0x0000000e   Code   RO         5963    i.nrfx_gpiote_in_is_set  nrfx_gpiote.o
    0x000359aa   0x000359aa   0x00000002   PAD
    0x000359ac   0x000359ac   0x00000070   Code   RO         5965    i.nrfx_gpiote_init  nrfx_gpiote.o
    0x00035a1c   0x00035a1c   0x00000014   Code   RO         5966    i.nrfx_gpiote_is_init  nrfx_gpiote.o
    0x00035a30   0x00035a30   0x00000010   Code   RO         6555    i.nrfx_is_in_ram    nrfx_uarte.o
    0x00035a40   0x00035a40   0x0000003a   Code   RO         6231    i.nrfx_prs_acquire  nrfx_prs.o
    0x00035a7a   0x00035a7a   0x00000012   Code   RO         6232    i.nrfx_prs_release  nrfx_prs.o
    0x00035a8c   0x00035a8c   0x00000038   Code   RO         5534    i.nrfx_rng_handler  nrf_drv_rng.o
    0x00035ac4   0x00035ac4   0x00000058   Code   RO         6285    i.nrfx_rng_init     nrfx_rng.o
    0x00035b1c   0x00035b1c   0x00000020   Code   RO         6286    i.nrfx_rng_start    nrfx_rng.o
    0x00035b3c   0x00035b3c   0x00000014   Code   RO         6287    i.nrfx_rng_stop     nrfx_rng.o
    0x00035b50   0x00035b50   0x00000028   Code   RO         6288    i.nrfx_rng_uninit   nrfx_rng.o
    0x00035b78   0x00035b78   0x00000010   Code   RO         6360    i.nrfx_uart_0_irq_handler  nrfx_uart.o
    0x00035b88   0x00035b88   0x000000d0   Code   RO         6362    i.nrfx_uart_init    nrfx_uart.o
    0x00035c58   0x00035c58   0x000000a8   Code   RO         6368    i.nrfx_uart_tx      nrfx_uart.o
    0x00035d00   0x00035d00   0x00000020   Code   RO         6370    i.nrfx_uart_tx_in_progress  nrfx_uart.o
    0x00035d20   0x00035d20   0x000000b4   Code   RO         6371    i.nrfx_uart_uninit  nrfx_uart.o
    0x00035dd4   0x00035dd4   0x00000010   Code   RO         6556    i.nrfx_uarte_0_irq_handler  nrfx_uarte.o
    0x00035de4   0x00035de4   0x0000006c   Code   RO         6558    i.nrfx_uarte_init   nrfx_uarte.o
    0x00035e50   0x00035e50   0x000000ac   Code   RO         6562    i.nrfx_uarte_tx     nrfx_uarte.o
    0x00035efc   0x00035efc   0x0000001c   Code   RO         6564    i.nrfx_uarte_tx_in_progress  nrfx_uarte.o
    0x00035f18   0x00035f18   0x000000e0   Code   RO         6565    i.nrfx_uarte_uninit  nrfx_uarte.o
    0x00035ff8   0x00035ff8   0x00000138   Code   RO         1155    i.on_characteristic_discovery_rsp  ble_db_discovery.o
    0x00036130   0x00036130   0x000000a8   Code   RO         1773    i.on_connected_evt  nrf_ble_gatt.o
    0x000361d8   0x000361d8   0x000000da   Code   RO         1156    i.on_descriptor_discovery_rsp  ble_db_discovery.o
    0x000362b2   0x000362b2   0x00000002   PAD
    0x000362b4   0x000362b4   0x00000100   Code   RO         1956    i.on_dhkey_request  nrf_ble_lesc.o
    0x000363b4   0x000363b4   0x000000ac   Code   RO         1774    i.on_exchange_mtu_request_evt  nrf_ble_gatt.o
    0x00036460   0x00036460   0x00000072   Code   RO         3679    i.on_hvx            ble_hrs_c.o
    0x000364d2   0x000364d2   0x00000002   PAD
    0x000364d4   0x000364d4   0x000000c0   Code   RO         1157    i.on_primary_srv_discovery_rsp  ble_db_discovery.o
    0x00036594   0x00036594   0x0000009c   Code   RO         1158    i.on_srv_disc_completion  ble_db_discovery.o
    0x00036630   0x00036630   0x00000024   Code   RO         7385    i.page_identify     fds.o
    0x00036654   0x00036654   0x0000001c   Code   RO         7386    i.page_offsets_update  fds.o
    0x00036670   0x00036670   0x0000006c   Code   RO         7387    i.page_scan         fds.o
    0x000366dc   0x000366dc   0x0000001c   Code   RO         7388    i.page_tag_write_data  fds.o
    0x000366f8   0x000366f8   0x00000024   Code   RO         7389    i.page_tag_write_swap  fds.o
    0x0003671c   0x0003671c   0x00000130   Code   RO         7390    i.pages_init        fds.o
    0x0003684c   0x0003684c   0x0000000c   Code   RO         3271    i.pairing           security_dispatcher.o
    0x00036858   0x00036858   0x00000074   Code   RO         3272    i.pairing_failure   security_dispatcher.o
    0x000368cc   0x000368cc   0x0000002e   Code   RO         3273    i.pairing_success_evt_send  security_dispatcher.o
    0x000368fa   0x000368fa   0x00000006   Code   RO         3430    i.params_reply_pending_handle  security_manager.o
    0x00036900   0x00036900   0x00000020   Code   RO         3431    i.params_req_send   security_manager.o
    0x00036920   0x00036920   0x0000001c   Code   RO         2602    i.pdb_evt_send      peer_database.o
    0x0003693c   0x0003693c   0x00000090   Code   RO         2603    i.pdb_init          peer_database.o
    0x000369cc   0x000369cc   0x0000007c   Code   RO         2604    i.pdb_pds_evt_handler  peer_database.o
    0x00036a48   0x00036a48   0x00000006   Code   RO         2605    i.pdb_peer_data_ptr_get  peer_database.o
    0x00036a4e   0x00036a4e   0x00000002   PAD
    0x00036a50   0x00036a50   0x0000008c   Code   RO         2606    i.pdb_peer_free     peer_database.o
    0x00036adc   0x00036adc   0x000000dc   Code   RO         2607    i.pdb_write_buf_get  peer_database.o
    0x00036bb8   0x00036bb8   0x00000014   Code   RO         2608    i.pdb_write_buf_release  peer_database.o
    0x00036bcc   0x00036bcc   0x00000036   Code   RO         2609    i.pdb_write_buf_store  peer_database.o
    0x00036c02   0x00036c02   0x00000002   PAD
    0x00036c04   0x00036c04   0x00000010   Code   RO         2464    i.pds_evt_send      peer_data_storage.o
    0x00036c14   0x00036c14   0x000000dc   Code   RO         2465    i.pds_init          peer_data_storage.o
    0x00036cf0   0x00036cf0   0x00000004   Code   RO         2466    i.pds_next_deleted_peer_id_get  peer_data_storage.o
    0x00036cf4   0x00036cf4   0x00000004   Code   RO         2467    i.pds_next_peer_id_get  peer_data_storage.o
    0x00036cf8   0x00036cf8   0x00000058   Code   RO         2470    i.pds_peer_data_iterate  peer_data_storage.o
    0x00036d50   0x00036d50   0x00000010   Code   RO         2471    i.pds_peer_data_iterate_prepare  peer_data_storage.o
    0x00036d60   0x00036d60   0x00000072   Code   RO         2472    i.pds_peer_data_read  peer_data_storage.o
    0x00036dd2   0x00036dd2   0x00000002   PAD
    0x00036dd4   0x00036dd4   0x000000a4   Code   RO         2473    i.pds_peer_data_store  peer_data_storage.o
    0x00036e78   0x00036e78   0x00000008   Code   RO         2474    i.pds_peer_id_allocate  peer_data_storage.o
    0x00036e80   0x00036e80   0x00000016   Code   RO         2475    i.pds_peer_id_free  peer_data_storage.o
    0x00036e96   0x00036e96   0x00000004   Code   RO         2476    i.pds_peer_id_is_allocated  peer_data_storage.o
    0x00036e9a   0x00036e9a   0x00000004   Code   RO         2477    i.pds_peer_id_is_deleted  peer_data_storage.o
    0x00036e9e   0x00036e9e   0x00000002   PAD
    0x00036ea0   0x00036ea0   0x000000a8   Code   RO         2478    i.peer_data_delete_process  peer_data_storage.o
    0x00036f48   0x00036f48   0x00000030   Code   RO         2479    i.peer_data_find    peer_data_storage.o
    0x00036f78   0x00036f78   0x00000024   Code   RO         2480    i.peer_data_id_is_valid  peer_data_storage.o
    0x00036f9c   0x00036f9c   0x0000001a   Code   RO         2610    i.peer_data_point_to_buffer  peer_database.o
    0x00036fb6   0x00036fb6   0x00000002   PAD
    0x00036fb8   0x00036fb8   0x0000000c   Code   RO         2723    i.peer_id_allocate  peer_id.o
    0x00036fc4   0x00036fc4   0x00000024   Code   RO         2724    i.peer_id_delete    peer_id.o
    0x00036fe8   0x00036fe8   0x0000001c   Code   RO         2725    i.peer_id_free      peer_id.o
    0x00037004   0x00037004   0x0000000c   Code   RO         2726    i.peer_id_get_next_deleted  peer_id.o
    0x00037010   0x00037010   0x00000030   Code   RO         2727    i.peer_id_get_next_used  peer_id.o
    0x00037040   0x00037040   0x0000000c   Code   RO         2728    i.peer_id_init      peer_id.o
    0x0003704c   0x0003704c   0x00000014   Code   RO         2729    i.peer_id_is_allocated  peer_id.o
    0x00037060   0x00037060   0x00000014   Code   RO         2730    i.peer_id_is_deleted  peer_id.o
    0x00037074   0x00037074   0x0000006c   Code   RO           12    i.peer_manager_init  main.o
    0x000370e0   0x000370e0   0x000000c0   Code   RO         1620    i.peers_id_keys_get  id_manager.o
    0x000371a0   0x000371a0   0x00000018   Code   RO         5982    i.pin_in_use_by_port  nrfx_gpiote.o
    0x000371b8   0x000371b8   0x00000018   Code   RO         5983    i.pin_in_use_by_te  nrfx_gpiote.o
    0x000371d0   0x000371d0   0x00000064   Code   RO         3215    i.pm_buffer_block_acquire  pm_buffer.o
    0x00037234   0x00037234   0x00000024   Code   RO         3216    i.pm_buffer_init    pm_buffer.o
    0x00037258   0x00037258   0x00000028   Code   RO         3217    i.pm_buffer_ptr_get  pm_buffer.o
    0x00037280   0x00037280   0x00000032   Code   RO         3218    i.pm_buffer_release  pm_buffer.o
    0x000372b2   0x000372b2   0x00000002   PAD
    0x000372b4   0x000372b4   0x00000014   Code   RO         2817    i.pm_conn_sec_status_get  peer_manager.o
    0x000372c8   0x000372c8   0x0000001c   Code   RO         2818    i.pm_conn_secure    peer_manager.o
    0x000372e4   0x000372e4   0x00000014   Code   RO         2819    i.pm_device_identities_list_set  peer_manager.o
    0x000372f8   0x000372f8   0x0000001e   Code   RO           13    i.pm_evt_handler    main.o
    0x00037316   0x00037316   0x00000004   Code   RO         2820    i.pm_gcm_evt_handler  peer_manager.o
    0x0003731a   0x0003731a   0x00000004   Code   RO         2821    i.pm_gscm_evt_handler  peer_manager.o
    0x0003731e   0x0003731e   0x00000002   PAD
    0x00037320   0x00037320   0x00000244   Code   RO         3121    i.pm_handler_flash_clean  peer_manager_handler.o
    0x00037564   0x00037564   0x0000001c   Code   RO         3122    i.pm_handler_flash_clean_on_return  peer_manager_handler.o
    0x00037580   0x00037580   0x00000054   Code   RO         3123    i.pm_handler_on_pm_evt  peer_manager_handler.o
    0x000375d4   0x000375d4   0x00000310   Code   RO         3124    i.pm_handler_pm_evt_log  peer_manager_handler.o
    0x000378e4   0x000378e4   0x00000004   Code   RO         2824    i.pm_im_evt_handler  peer_manager.o
    0x000378e8   0x000378e8   0x000001bc   Code   RO         2825    i.pm_init           peer_manager.o
    0x00037aa4   0x00037aa4   0x00000028   Code   RO         2828    i.pm_next_peer_id_get  peer_manager.o
    0x00037acc   0x00037acc   0x00000118   Code   RO         2829    i.pm_pdb_evt_handler  peer_manager.o
    0x00037be4   0x00037be4   0x00000014   Code   RO         2840    i.pm_peer_delete    peer_manager.o
    0x00037bf8   0x00037bf8   0x0000011c   Code   RO         2844    i.pm_peer_rank_highest  peer_manager.o
    0x00037d14   0x00037d14   0x000000e8   Code   RO         2845    i.pm_peer_ranks_get  peer_manager.o
    0x00037dfc   0x00037dfc   0x00000094   Code   RO         2846    i.pm_peers_delete   peer_manager.o
    0x00037e90   0x00037e90   0x0000002c   Code   RO         2849    i.pm_register       peer_manager.o
    0x00037ebc   0x00037ebc   0x00000014   Code   RO         2851    i.pm_sec_params_set  peer_manager.o
    0x00037ed0   0x00037ed0   0x0000000a   Code   RO         2852    i.pm_sm_evt_handler  peer_manager.o
    0x00037eda   0x00037eda   0x00000002   PAD
    0x00037edc   0x00037edc   0x0000002c   Code   RO         2853    i.pm_whitelist_get  peer_manager.o
    0x00037f08   0x00037f08   0x00000014   Code   RO         2854    i.pm_whitelist_set  peer_manager.o
    0x00037f1c   0x00037f1c   0x0000003c   Code   RO         9200    i.postfix_process   nrf_log_str_formatter.o
    0x00037f58   0x00037f58   0x00000098   Code   RO         9201    i.prefix_process    nrf_log_str_formatter.o
    0x00037ff0   0x00037ff0   0x00000018   Code   RO         6233    i.prs_box_get       nrfx_prs.o
    0x00038008   0x00038008   0x0000001c   Code   RO         7391    i.queue_buf_get     fds.o
    0x00038024   0x00038024   0x00000010   Code   RO         7392    i.queue_buf_store   fds.o
    0x00038034   0x00038034   0x00000014   Code   RO         8280    i.queue_free        nrf_fstorage_sd.o
    0x00038048   0x00038048   0x00000118   Code   RO         1872    i.queue_process     nrf_ble_gq.o
    0x00038160   0x00038160   0x000000a4   Code   RO         7393    i.queue_process     fds.o
    0x00038204   0x00038204   0x000000a0   Code   RO         8281    i.queue_process     nrf_fstorage_sd.o
    0x000382a4   0x000382a4   0x0000001c   Code   RO         7394    i.queue_start       fds.o
    0x000382c0   0x000382c0   0x00000024   Code   RO         8282    i.queue_start       nrf_fstorage_sd.o
    0x000382e4   0x000382e4   0x00000018   Code   RO         8549    i.queue_utilization_get  nrf_queue.o
    0x000382fc   0x000382fc   0x00000058   Code   RO         1873    i.queues_purge      nrf_ble_gq.o
    0x00038354   0x00038354   0x0000001c   Code   RO         3127    i.rank_highest      peer_manager_handler.o
    0x00038370   0x00038370   0x00000034   Code   RO         2855    i.rank_vars_update  peer_manager.o
    0x000383a4   0x000383a4   0x0000000e   Code   RO         8283    i.read              nrf_fstorage_sd.o
    0x000383b2   0x000383b2   0x00000002   PAD
    0x000383b4   0x000383b4   0x000000a8   Code   RO         2611    i.reattempt_previous_operations  peer_database.o
    0x0003845c   0x0003845c   0x00000090   Code   RO         7395    i.record_find       fds.o
    0x000384ec   0x000384ec   0x000000a0   Code   RO         7396    i.record_find_by_desc  fds.o
    0x0003858c   0x0003858c   0x0000005c   Code   RO         7397    i.record_find_next  fds.o
    0x000385e8   0x000385e8   0x0000003c   Code   RO         7398    i.record_header_flag_dirty  fds.o
    0x00038624   0x00038624   0x00000088   Code   RO         7399    i.records_stat      fds.o
    0x000386ac   0x000386ac   0x00000038   Code   RO         1159    i.registered_handler_get  ble_db_discovery.o
    0x000386e4   0x000386e4   0x00000010   Code   RO         2732    i.release           peer_id.o
    0x000386f4   0x000386f4   0x00000048   Code   RO         1874    i.request_err_code_handle  nrf_ble_gq.o
    0x0003873c   0x0003873c   0x000000b4   Code   RO         1875    i.request_process   nrf_ble_gq.o
    0x000387f0   0x000387f0   0x000000f0   Code   RO         5152    i.result_get        cc310_backend_rng.o
    0x000388e0   0x000388e0   0x00000004   Code   RO         8284    i.rmap              nrf_fstorage_sd.o
    0x000388e4   0x000388e4   0x0000005c   Code   RO         6960    i.rtc_irq           app_timer2.o
    0x00038940   0x00038940   0x00000064   Code   RO         6961    i.rtc_schedule      app_timer2.o
    0x000389a4   0x000389a4   0x00000074   Code   RO         6962    i.rtc_update        app_timer2.o
    0x00038a18   0x00038a18   0x00000032   Code   RO         6372    i.rx_byte           nrfx_uart.o
    0x00038a4a   0x00038a4a   0x00000016   Code   RO         6373    i.rx_done_event     nrfx_uart.o
    0x00038a60   0x00038a60   0x00000016   Code   RO         6566    i.rx_done_event     nrfx_uarte.o
    0x00038a76   0x00038a76   0x00000002   PAD
    0x00038a78   0x00038a78   0x00000024   Code   RO         1351    i.sc_send_pending_handle  gatt_cache_manager.o
    0x00038a9c   0x00038a9c   0x000000b0   Code   RO           14    i.scan_evt_handler  main.o
    0x00038b4c   0x00038b4c   0x0000009c   Code   RO           15    i.scan_init         main.o
    0x00038be8   0x00038be8   0x00000064   Code   RO           16    i.scan_start        main.o
    0x00038c4c   0x00038c4c   0x00000050   Code   RO           17    i.scanning_start    main.o
    0x00038c9c   0x00038c9c   0x00000050   Code   RO         5398    i.sd_state_evt_handler  nrf_drv_clock.o
    0x00038cec   0x00038cec   0x00000050   Code   RO         5535    i.sd_state_evt_handler  nrf_drv_rng.o
    0x00038d3c   0x00038d3c   0x00000030   Code   RO         9621    i.sdh_request_observer_notify  nrf_sdh.o
    0x00038d6c   0x00038d6c   0x0000002c   Code   RO         9622    i.sdh_state_observer_notify  nrf_sdh.o
    0x00038d98   0x00038d98   0x000000d8   Code   RO         3274    i.sec_info_request_process  security_dispatcher.o
    0x00038e70   0x00038e70   0x000000f4   Code   RO         3275    i.sec_keyset_fill   security_dispatcher.o
    0x00038f64   0x00038f64   0x00000076   Code   RO         3432    i.sec_params_verify  security_manager.o
    0x00038fda   0x00038fda   0x00000002   PAD
    0x00038fdc   0x00038fdc   0x00000060   Code   RO         3276    i.sec_proc_start    security_dispatcher.o
    0x0003903c   0x0003903c   0x0000000c   Code   RO         3277    i.sec_procedure     security_dispatcher.o
    0x00039048   0x00039048   0x0000005c   Code   RO         3433    i.sec_req_process   security_manager.o
    0x000390a4   0x000390a4   0x00000022   Code   RO         3278    i.send_config_req   security_dispatcher.o
    0x000390c6   0x000390c6   0x00000002   PAD
    0x000390c8   0x000390c8   0x00000028   Code   RO         1352    i.send_unexpected_error  gatt_cache_manager.o
    0x000390f0   0x000390f0   0x00000028   Code   RO         3279    i.send_unexpected_error  security_dispatcher.o
    0x00039118   0x00039118   0x00000040   Code   RO         8900    i.serial_tx         nrf_log_backend_uart.o
    0x00039158   0x00039158   0x00000014   Code   RO         1353    i.service_changed_pending_flags_check  gatt_cache_manager.o
    0x0003916c   0x0003916c   0x00000094   Code   RO         1512    i.service_changed_pending_set  gatts_cache_manager.o
    0x00039200   0x00039200   0x00000168   Code   RO         1354    i.service_changed_send_in_evt  gatt_cache_manager.o
    0x00039368   0x00039368   0x00000004   Code   RO           18    i.service_error_handler  main.o
    0x0003936c   0x0003936c   0x00000020   Code   RO           19    i.shutdown_handler  main.o
    0x0003938c   0x0003938c   0x0000007c   Code   RO         8467    i.shutdown_process  nrf_pwr_mgmt.o
    0x00039408   0x00039408   0x00000034   Code   RO         3434    i.sm_ble_evt_handler  security_manager.o
    0x0003943c   0x0003943c   0x000000a2   Code   RO         3436    i.sm_conn_sec_status_get  security_manager.o
    0x000394de   0x000394de   0x00000002   PAD
    0x000394e0   0x000394e0   0x00000060   Code   RO         3437    i.sm_init           security_manager.o
    0x00039540   0x00039540   0x0000000a   Code   RO         3439    i.sm_link_secure    security_manager.o
    0x0003954a   0x0003954a   0x00000002   PAD
    0x0003954c   0x0003954c   0x00000044   Code   RO         3440    i.sm_pdb_evt_handler  security_manager.o
    0x00039590   0x00039590   0x00000028   Code   RO         3441    i.sm_sec_is_sufficient  security_manager.o
    0x000395b8   0x000395b8   0x00000034   Code   RO         3443    i.sm_sec_params_set  security_manager.o
    0x000395ec   0x000395ec   0x0000002c   Code   RO         3444    i.sm_smd_evt_handler  security_manager.o
    0x00039618   0x00039618   0x00000118   Code   RO         3280    i.smd_ble_evt_handler  security_dispatcher.o
    0x00039730   0x00039730   0x00000068   Code   RO         3282    i.smd_init          security_dispatcher.o
    0x00039798   0x00039798   0x0000003a   Code   RO         3283    i.smd_link_secure   security_dispatcher.o
    0x000397d2   0x000397d2   0x00000002   PAD
    0x000397d4   0x000397d4   0x000000b0   Code   RO         3284    i.smd_params_reply  security_dispatcher.o
    0x00039884   0x00039884   0x0000003c   Code   RO         3445    i.smd_params_reply_perform  security_manager.o
    0x000398c0   0x000398c0   0x00000020   Code   RO           20    i.soc_evt_handler   main.o
    0x000398e0   0x000398e0   0x00000018   Code   RO         5399    i.soc_evt_handler   nrf_drv_clock.o
    0x000398f8   0x000398f8   0x00000038   Code   RO         9623    i.softdevice_evt_irq_disable  nrf_sdh.o
    0x00039930   0x00039930   0x00000058   Code   RO         9624    i.softdevices_evt_irq_enable  nrf_sdh.o
    0x00039988   0x00039988   0x0000000c   Code   RO         6963    i.sortlist_pop      app_timer2.o
    0x00039994   0x00039994   0x00000030   Code   RO         6723    i.state_set         app_button.o
    0x000399c4   0x000399c4   0x0000008c   Code   RO         9036    i.std_n             nrf_log_frontend.o
    0x00039a50   0x00039a50   0x0000006c   Code   RO         1355    i.store_car_value   gatt_cache_manager.o
    0x00039abc   0x00039abc   0x00000058   Code   RO         6964    i.timer_expire      app_timer2.o
    0x00039b14   0x00039b14   0x00000078   Code   RO         6965    i.timer_req_process  app_timer2.o
    0x00039b8c   0x00039b8c   0x00000038   Code   RO         6966    i.timer_req_schedule  app_timer2.o
    0x00039bc4   0x00039bc4   0x00000018   Code   RO         6724    i.timer_start       app_button.o
    0x00039bdc   0x00039bdc   0x00000020   Code   RO         6375    i.tx_byte           nrfx_uart.o
    0x00039bfc   0x00039bfc   0x0000001a   Code   RO         6376    i.tx_done_event     nrfx_uart.o
    0x00039c16   0x00039c16   0x0000001a   Code   RO         6567    i.tx_done_event     nrfx_uarte.o
    0x00039c30   0x00039c30   0x00000030   Code   RO         5613    i.uart_evt_handler  nrf_drv_uart.o
    0x00039c60   0x00039c60   0x0000000c   Code   RO         8901    i.uart_evt_handler  nrf_log_backend_uart.o
    0x00039c6c   0x00039c6c   0x00000050   Code   RO         8902    i.uart_init         nrf_log_backend_uart.o
    0x00039cbc   0x00039cbc   0x0000012a   Code   RO         6377    i.uart_irq_handler  nrfx_uart.o
    0x00039de6   0x00039de6   0x00000002   PAD
    0x00039de8   0x00039de8   0x00000030   Code   RO         5614    i.uarte_evt_handler  nrf_drv_uart.o
    0x00039e18   0x00039e18   0x00000112   Code   RO         6568    i.uarte_irq_handler  nrfx_uarte.o
    0x00039f2a   0x00039f2a   0x00000002   PAD
    0x00039f2c   0x00039f2c   0x00000020   Code   RO         8285    i.uninit            nrf_fstorage_sd.o
    0x00039f4c   0x00039f4c   0x000000b4   Code   RO         8149    i.unsigned_print    nrf_fprintf_format.o
    0x0003a000   0x0003a000   0x00000030   Code   RO         1356    i.update_pending_flags_check  gatt_cache_manager.o
    0x0003a030   0x0003a030   0x0000000c   Code   RO          987    i.user_flag_is_acquired  ble_conn_state.o
    0x0003a03c   0x0003a03c   0x00000020   Code   RO         6725    i.usr_event         app_button.o
    0x0003a05c   0x0003a05c   0x0000004c   Code   RO          622    i.wakeup_button_cfg  bsp.o
    0x0003a0a8   0x0003a0a8   0x00000058   Code   RO           21    i.whitelist_load    main.o
    0x0003a100   0x0003a100   0x00000004   Code   RO         8286    i.wmap              nrf_fstorage_sd.o
    0x0003a104   0x0003a104   0x00000050   Code   RO         8287    i.write             nrf_fstorage_sd.o
    0x0003a154   0x0003a154   0x0000014c   Code   RO         2612    i.write_buf_store   peer_database.o
    0x0003a2a0   0x0003a2a0   0x00000034   Code   RO         2613    i.write_buffer_record_find  peer_database.o
    0x0003a2d4   0x0003a2d4   0x00000030   Code   RO         2614    i.write_buffer_record_find_next  peer_database.o
    0x0003a304   0x0003a304   0x0000001c   Code   RO         2615    i.write_buffer_record_invalidate  peer_database.o
    0x0003a320   0x0003a320   0x0000002c   Code   RO         2616    i.write_buffer_record_release  peer_database.o
    0x0003a34c   0x0003a34c   0x000000f4   Code   RO         7400    i.write_enqueue     fds.o
    0x0003a440   0x0003a440   0x000000f8   Code   RO         7401    i.write_execute     fds.o
    0x0003a538   0x0003a538   0x00000018   Code   RO         7402    i.write_space_free  fds.o
    0x0003a550   0x0003a550   0x00000060   Code   RO         7403    i.write_space_reserve  fds.o
    0x0003a5b0   0x0003a5b0   0x00000014   Data   RO           27    .constdata          main.o
    0x0003a5c4   0x0003a5c4   0x0000001e   Data   RO           28    .constdata          main.o
    0x0003a5e2   0x0003a5e2   0x00000008   Data   RO          482    .constdata          boards.o
    0x0003a5ea   0x0003a5ea   0x00000002   PAD
    0x0003a5ec   0x0003a5ec   0x0000002c   Data   RO          627    .constdata          bsp.o
    0x0003a618   0x0003a618   0x0000007c   Data   RO         1161    .constdata          ble_db_discovery.o
    0x0003a694   0x0003a694   0x0000006c   Data   RO         1357    .constdata          gatt_cache_manager.o
    0x0003a700   0x0003a700   0x00000004   Data   RO         1513    .constdata          gatts_cache_manager.o
    0x0003a704   0x0003a704   0x00000010   Data   RO         1514    .constdata          gatts_cache_manager.o
    0x0003a714   0x0003a714   0x00000004   Data   RO         1515    .constdata          gatts_cache_manager.o
    0x0003a718   0x0003a718   0x00000008   Data   RO         1622    .constdata          id_manager.o
    0x0003a720   0x0003a720   0x00000016   Data   RO         1775    .constdata          nrf_ble_gatt.o
    0x0003a736   0x0003a736   0x00000002   PAD
    0x0003a738   0x0003a738   0x00000018   Data   RO         1876    .constdata          nrf_ble_gq.o
    0x0003a750   0x0003a750   0x00000018   Data   RO         2481    .constdata          peer_data_storage.o
    0x0003a768   0x0003a768   0x00000010   Data   RO         2618    .constdata          peer_database.o
    0x0003a778   0x0003a778   0x0000002c   Data   RO         2857    .constdata          peer_manager.o
    0x0003a7a4   0x0003a7a4   0x00000014   Data   RO         3130    .constdata          peer_manager_handler.o
    0x0003a7b8   0x0003a7b8   0x0000008c   Data   RO         3286    .constdata          security_dispatcher.o
    0x0003a844   0x0003a844   0x00000008   Data   RO         3446    .constdata          security_manager.o
    0x0003a84c   0x0003a84c   0x000001d8   Data   RO         3905    .constdata          nrf_crypto_ecc.o
    0x0003aa24   0x0003aa24   0x00000048   Data   RO         3993    .constdata          nrf_crypto_ecdh.o
    0x0003aa6c   0x0003aa6c   0x0000000c   Data   RO         4653    .constdata          cc310_backend_ecc.o
    0x0003aa78   0x0003aa78   0x00000008   Data   RO         5985    .constdata          nrfx_gpiote.o
    0x0003aa80   0x0003aa80   0x00000004   Data   RO         6380    .constdata          nrfx_uart.o
    0x0003aa84   0x0003aa84   0x00000004   Data   RO         6571    .constdata          nrfx_uarte.o
    0x0003aa88   0x0003aa88   0x00000008   Data   RO         6728    .constdata          app_button.o
    0x0003aa90   0x0003aa90   0x00000014   Data   RO         6969    .constdata          app_timer2.o
    0x0003aaa4   0x0003aaa4   0x0000000c   PAD
    0x0003aab0   0x0003aab0   0x00000006   Data   RO         7208    .constdata          drv_rtc.o
    0x0003aab6   0x0003aab6   0x00000002   PAD
    0x0003aab8   0x0003aab8   0x00000018   Data   RO         7406    .constdata          fds.o
    0x0003aad0   0x0003aad0   0x00000010   Data   RO         8150    .constdata          nrf_fprintf_format.o
    0x0003aae0   0x0003aae0   0x0000005e   Data   RO         8196    .constdata          nrf_fstorage.o
    0x0003ab3e   0x0003ab3e   0x00000002   PAD
    0x0003ab40   0x0003ab40   0x00000010   Data   RO         8290    .constdata          nrf_fstorage_sd.o
    0x0003ab50   0x0003ab50   0x00000020   Data   RO         8291    .constdata          nrf_fstorage_sd.o
    0x0003ab70   0x0003ab70   0x00000018   Data   RO         8469    .constdata          nrf_pwr_mgmt.o
    0x0003ab88   0x0003ab88   0x0000000c   Data   RO         8470    .constdata          nrf_pwr_mgmt.o
    0x0003ab94   0x0003ab94   0x0000013c   Data   RO         8807    .constdata          nrf_strerror.o
    0x0003acd0   0x0003acd0   0x0000000c   Data   RO         8904    .constdata          nrf_log_backend_uart.o
    0x0003acdc   0x0003acdc   0x00000020   Data   RO         8905    .constdata          nrf_log_backend_uart.o
    0x0003acfc   0x0003acfc   0x0000000c   Data   RO         9041    .constdata          nrf_log_frontend.o
    0x0003ad08   0x0003ad08   0x00000010   Data   RO         9625    .constdata          nrf_sdh.o
    0x0003ad18   0x0003ad18   0x00000028   Data   RO         9626    .constdata          nrf_sdh.o
    0x0003ad40   0x0003ad40   0x00000010   Data   RO         9627    .constdata          nrf_sdh.o
    0x0003ad50   0x0003ad50   0x00000010   Data   RO         9628    .constdata          nrf_sdh.o
    0x0003ad60   0x0003ad60   0x00000020   Data   RO         9736    .constdata          nrf_sdh_ble.o
    0x0003ad80   0x0003ad80   0x00000010   Data   RO         9737    .constdata          nrf_sdh_ble.o
    0x0003ad90   0x0003ad90   0x00000010   Data   RO         9787    .constdata          nrf_sdh_soc.o
    0x0003ada0   0x0003ada0   0x0000000c   Data   RO         9788    .constdata          nrf_sdh_soc.o
    0x0003adac   0x0003adac   0x00000081   Data   RO        10520    .constdata          mc_w.l(ctype_o.o)
    0x0003ae2d   0x0003ae2d   0x00000003   PAD
    0x0003ae30   0x0003ae30   0x00000004   Data   RO        10521    .constdata          mc_w.l(ctype_o.o)
    0x0003ae34   0x0003ae34   0x00000056   Data   RO           29    .conststring        main.o
    0x0003ae8a   0x0003ae8a   0x00000002   PAD
    0x0003ae8c   0x0003ae8c   0x000000e9   Data   RO         1162    .conststring        ble_db_discovery.o
    0x0003af75   0x0003af75   0x00000003   PAD
    0x0003af78   0x0003af78   0x000001a4   Data   RO         1358    .conststring        gatt_cache_manager.o
    0x0003b11c   0x0003b11c   0x0000019c   Data   RO         1516    .conststring        gatts_cache_manager.o
    0x0003b2b8   0x0003b2b8   0x000000f0   Data   RO         1623    .conststring        id_manager.o
    0x0003b3a8   0x0003b3a8   0x000000a2   Data   RO         1776    .conststring        nrf_ble_gatt.o
    0x0003b44a   0x0003b44a   0x00000002   PAD
    0x0003b44c   0x0003b44c   0x0000004a   Data   RO         1877    .conststring        nrf_ble_gq.o
    0x0003b496   0x0003b496   0x00000002   PAD
    0x0003b498   0x0003b498   0x00000042   Data   RO         1958    .conststring        nrf_ble_lesc.o
    0x0003b4da   0x0003b4da   0x00000002   PAD
    0x0003b4dc   0x0003b4dc   0x000000e8   Data   RO         2482    .conststring        peer_data_storage.o
    0x0003b5c4   0x0003b5c4   0x00000180   Data   RO         2619    .conststring        peer_database.o
    0x0003b744   0x0003b744   0x00000090   Data   RO         2858    .conststring        peer_manager.o
    0x0003b7d4   0x0003b7d4   0x0000030f   Data   RO         3131    .conststring        peer_manager_handler.o
    0x0003bae3   0x0003bae3   0x00000001   PAD
    0x0003bae4   0x0003bae4   0x00000306   Data   RO         3287    .conststring        security_dispatcher.o
    0x0003bdea   0x0003bdea   0x00000002   PAD
    0x0003bdec   0x0003bdec   0x0000017b   Data   RO         3447    .conststring        security_manager.o
    0x0003bf67   0x0003bf67   0x00000001   PAD
    0x0003bf68   0x0003bf68   0x0000004f   Data   RO         8197    .conststring        nrf_fstorage.o
    0x0003bfb7   0x0003bfb7   0x00000001   PAD
    0x0003bfb8   0x0003bfb8   0x000003eb   Data   RO         8808    .conststring        nrf_strerror.o
    0x0003c3a3   0x0003c3a3   0x00000001   PAD
    0x0003c3a4   0x0003c3a4   0x00000066   Data   RO         9202    .conststring        nrf_log_str_formatter.o
    0x0003c40a   0x0003c40a   0x00000002   PAD
    0x0003c40c   0x0003c40c   0x000001cf   Data   RO         9738    .conststring        nrf_sdh_ble.o
    0x0003c5db   0x0003c5db   0x00000001   PAD
    0x0003c5dc   0x0003c5dc   0x0000000c   Data   RO         1163    .conststrlit        ble_db_discovery.o
    0x0003c5e8   0x0003c5e8   0x00000011   Data   RO         1359    .conststrlit        gatt_cache_manager.o
    0x0003c5f9   0x0003c5f9   0x00000003   PAD
    0x0003c5fc   0x0003c5fc   0x00000012   Data   RO         1517    .conststrlit        gatts_cache_manager.o
    0x0003c60e   0x0003c60e   0x00000002   PAD
    0x0003c610   0x0003c610   0x00000010   Data   RO         1624    .conststrlit        id_manager.o
    0x0003c620   0x0003c620   0x0000000d   Data   RO         1777    .conststrlit        nrf_ble_gatt.o
    0x0003c62d   0x0003c62d   0x00000003   PAD
    0x0003c630   0x0003c630   0x0000000b   Data   RO         1878    .conststrlit        nrf_ble_gq.o
    0x0003c63b   0x0003c63b   0x00000001   PAD
    0x0003c63c   0x0003c63c   0x0000000d   Data   RO         1959    .conststrlit        nrf_ble_lesc.o
    0x0003c649   0x0003c649   0x00000003   PAD
    0x0003c64c   0x0003c64c   0x00000009   Data   RO         2351    .conststrlit        nrf_ble_scan.o
    0x0003c655   0x0003c655   0x00000003   PAD
    0x0003c658   0x0003c658   0x00000011   Data   RO         2483    .conststrlit        peer_data_storage.o
    0x0003c669   0x0003c669   0x00000003   PAD
    0x0003c66c   0x0003c66c   0x00000011   Data   RO         2620    .conststrlit        peer_database.o
    0x0003c67d   0x0003c67d   0x00000003   PAD
    0x0003c680   0x0003c680   0x0000000d   Data   RO         2859    .conststrlit        peer_manager.o
    0x0003c68d   0x0003c68d   0x00000003   PAD
    0x0003c690   0x0003c690   0x00000015   Data   RO         3134    .conststrlit        peer_manager_handler.o
    0x0003c6a5   0x0003c6a5   0x00000003   PAD
    0x0003c6a8   0x0003c6a8   0x00000011   Data   RO         3288    .conststrlit        security_dispatcher.o
    0x0003c6b9   0x0003c6b9   0x00000003   PAD
    0x0003c6bc   0x0003c6bc   0x00000010   Data   RO         3448    .conststrlit        security_manager.o
    0x0003c6cc   0x0003c6cc   0x0000000a   Data   RO         3607    .conststrlit        ble_bas_c.o
    0x0003c6d6   0x0003c6d6   0x00000002   PAD
    0x0003c6d8   0x0003c6d8   0x0000000a   Data   RO         3680    .conststrlit        ble_hrs_c.o
    0x0003c6e2   0x0003c6e2   0x00000002   PAD
    0x0003c6e4   0x0003c6e4   0x00000006   Data   RO         5405    .conststrlit        nrf_drv_clock.o
    0x0003c6ea   0x0003c6ea   0x00000002   PAD
    0x0003c6ec   0x0003c6ec   0x00000004   Data   RO         5541    .conststrlit        nrf_drv_rng.o
    0x0003c6f0   0x0003c6f0   0x00000006   Data   RO         5820    .conststrlit        nrfx_clock.o
    0x0003c6f6   0x0003c6f6   0x00000002   PAD
    0x0003c6f8   0x0003c6f8   0x00000007   Data   RO         5989    .conststrlit        nrfx_gpiote.o
    0x0003c6ff   0x0003c6ff   0x00000001   PAD
    0x0003c700   0x0003c700   0x00000004   Data   RO         6235    .conststrlit        nrfx_prs.o
    0x0003c704   0x0003c704   0x00000004   Data   RO         6289    .conststrlit        nrfx_rng.o
    0x0003c708   0x0003c708   0x00000005   Data   RO         6383    .conststrlit        nrfx_uart.o
    0x0003c70d   0x0003c70d   0x00000003   PAD
    0x0003c710   0x0003c710   0x00000006   Data   RO         6574    .conststrlit        nrfx_uarte.o
    0x0003c716   0x0003c716   0x00000002   PAD
    0x0003c718   0x0003c718   0x0000000b   Data   RO         6729    .conststrlit        app_button.o
    0x0003c723   0x0003c723   0x00000001   PAD
    0x0003c724   0x0003c724   0x0000000a   Data   RO         6970    .conststrlit        app_timer2.o
    0x0003c72e   0x0003c72e   0x00000002   PAD
    0x0003c730   0x0003c730   0x00000009   Data   RO         7699    .conststrlit        mem_manager.o
    0x0003c739   0x0003c739   0x00000003   PAD
    0x0003c73c   0x0003c73c   0x0000000d   Data   RO         8198    .conststrlit        nrf_fstorage.o
    0x0003c749   0x0003c749   0x00000003   PAD
    0x0003c74c   0x0003c74c   0x00000009   Data   RO         8471    .conststrlit        nrf_pwr_mgmt.o
    0x0003c755   0x0003c755   0x00000003   PAD
    0x0003c758   0x0003c758   0x00000009   Data   RO         8754    .conststrlit        nrf_sortlist.o
    0x0003c761   0x0003c761   0x00000003   PAD
    0x0003c764   0x0003c764   0x00000011   Data   RO         8976    .conststrlit        nrf_log_default_backends.o
    0x0003c775   0x0003c775   0x00000003   PAD
    0x0003c778   0x0003c778   0x00000004   Data   RO         9042    .conststrlit        nrf_log_frontend.o
    0x0003c77c   0x0003c77c   0x00000008   Data   RO         9629    .conststrlit        nrf_sdh.o
    0x0003c784   0x0003c784   0x0000000c   Data   RO         9739    .conststrlit        nrf_sdh_ble.o
    0x0003c790   0x0003c790   0x0000000c   Data   RO         9789    .conststrlit        nrf_sdh_soc.o
    0x0003c79c   0x0003c79c   0x00000070   Data   RO        10060    .rodata             nrf_cc310_0.9.12.lib(crys_rnd.c.obj)
    0x0003c80c   0x0003c80c   0x00000040   Data   RO        10222    .rodata.CRYS_HASH_SHA512_INIT_VECTOR  nrf_cc310_0.9.12.lib(sw_llf_hash_sha512.c.obj)
    0x0003c84c   0x0003c84c   0x0000002f   Data   RO        10061    .rodata.CRYS_RndInit.str1.4  nrf_cc310_0.9.12.lib(crys_rnd.c.obj)
    0x0003c87b   0x0003c87b   0x00000001   PAD
    0x0003c87c   0x0003c87c   0x00000018   Data   RO        10094    .rodata.CSWTCH.6    nrf_cc310_0.9.12.lib(ssi_aes.c.obj)
    0x0003c894   0x0003c894   0x00000508   Data   RO        10283    .rodata.EcEdwDomain25519  nrf_cc310_0.9.12.lib(ec_edw_domain_25519.c.obj)
    0x0003cd9c   0x0003cd9c   0x00000017   Data   RO        10278    .rodata.EcEdwSeedKeyPair.str1.4  nrf_cc310_0.9.12.lib(ec_edw.c.obj)
    0x0003cdb3   0x0003cdb3   0x00000001   PAD
    0x0003cdb4   0x0003cdb4   0x000000f8   Data   RO        10268    .rodata.EcMontDomainCurve25519  nrf_cc310_0.9.12.lib(ec_mont_domain_curve25519.c.obj)
    0x0003ceac   0x0003ceac   0x00000017   Data   RO        10263    .rodata.EcMontScalarmult.str1.4  nrf_cc310_0.9.12.lib(ec_mont.c.obj)
    0x0003cec3   0x0003cec3   0x00000001   PAD
    0x0003cec4   0x0003cec4   0x00000014   Data   RO        10173    .rodata.HASH_LARVAL_SHA1  nrf_cc310_0.9.12.lib(hash_driver.c.obj)
    0x0003ced8   0x0003ced8   0x00000020   Data   RO        10174    .rodata.HASH_LARVAL_SHA224  nrf_cc310_0.9.12.lib(hash_driver.c.obj)
    0x0003cef8   0x0003cef8   0x00000020   Data   RO        10175    .rodata.HASH_LARVAL_SHA256  nrf_cc310_0.9.12.lib(hash_driver.c.obj)
    0x0003cf18   0x0003cf18   0x00000280   Data   RO        10376    .rodata.K512        nrf_cc310_0.9.12.lib(sw_llfcd_hash_sha512.c.obj)
    0x0003d198   0x0003d198   0x00000017   Data   RO        10407    .rodata.PkaFinishAndMutexUnlock.str1.4  nrf_cc310_0.9.12.lib(pka.c.obj)
    0x0003d1af   0x0003d1af   0x00000001   PAD
    0x0003d1b0   0x0003d1b0   0x00000017   Data   RO        10408    .rodata.PkaInitAndMutexLock.str1.4  nrf_cc310_0.9.12.lib(pka.c.obj)
    0x0003d1c7   0x0003d1c7   0x00000001   PAD
    0x0003d1c8   0x0003d1c8   0x0000002f   Data   RO        10198    .rodata.ProcessAes.str1.4  nrf_cc310_0.9.12.lib(aes_driver.c.obj)
    0x0003d1f7   0x0003d1f7   0x00000001   PAD
    0x0003d1f8   0x0003d1f8   0x0000002f   Data   RO        10176    .rodata.ProcessHash.str1.4  nrf_cc310_0.9.12.lib(hash_driver.c.obj)
    0x0003d227   0x0003d227   0x00000001   PAD
    0x0003d228   0x0003d228   0x0000002f   Data   RO        10310    .rodata.RNG_PLAT_SetUserRngParameters.str1.4  nrf_cc310_0.9.12.lib(ssi_rng_plat.c.obj)
    0x0003d257   0x0003d257   0x00000001   PAD
    0x0003d258   0x0003d258   0x0000002d   Data   RO        10353    .rodata.SaSi_HalWaitInterrupt.str1.4  nrf_cc310_0.9.12.lib(ssi_hal.c.obj)
    0x0003d285   0x0003d285   0x00000003   PAD
    0x0003d288   0x0003d288   0x00000055   Data   RO        10316    .rodata.SaSi_PalInit.str1.4  nrf_cc310_0.9.12.lib(ssi_pal.c.obj)
    0x0003d2dd   0x0003d2dd   0x00000003   PAD
    0x0003d2e0   0x0003d2e0   0x00000023   Data   RO        10340    .rodata.SaSi_PalMutexCreate.str1.4  nrf_cc310_0.9.12.lib(ssi_pal_mutex.c.obj)
    0x0003d303   0x0003d303   0x00000001   PAD
    0x0003d304   0x0003d304   0x0000001d   Data   RO        10341    .rodata.SaSi_PalMutexLock.str1.4  nrf_cc310_0.9.12.lib(ssi_pal_mutex.c.obj)
    0x0003d321   0x0003d321   0x00000003   PAD
    0x0003d324   0x0003d324   0x0000001f   Data   RO        10342    .rodata.SaSi_PalMutexUnlock.str1.4  nrf_cc310_0.9.12.lib(ssi_pal_mutex.c.obj)
    0x0003d343   0x0003d343   0x00000001   PAD
    0x0003d344   0x0003d344   0x00000030   Data   RO        10301    .rodata.ecDomainsFuncP  nrf_cc310_0.9.12.lib(ssi_ecpki_info.c.obj)
    0x0003d374   0x0003d374   0x00000020   Data   RO        10409    .rodata.regTemps    nrf_cc310_0.9.12.lib(pka.c.obj)
    0x0003d394   0x0003d394   0x000002dc   Data   RO        10438    .rodata.ssi_ecpki_domain_secp160k1  nrf_cc310_0.9.12.lib(ssi_ecpki_domain_secp160k1.c.obj)
    0x0003d670   0x0003d670   0x000002dc   Data   RO        10443    .rodata.ssi_ecpki_domain_secp160r1  nrf_cc310_0.9.12.lib(ssi_ecpki_domain_secp160r1.c.obj)
    0x0003d94c   0x0003d94c   0x000002dc   Data   RO        10448    .rodata.ssi_ecpki_domain_secp160r2  nrf_cc310_0.9.12.lib(ssi_ecpki_domain_secp160r2.c.obj)
    0x0003dc28   0x0003dc28   0x000002dc   Data   RO        10453    .rodata.ssi_ecpki_domain_secp192k1  nrf_cc310_0.9.12.lib(ssi_ecpki_domain_secp192k1.c.obj)
    0x0003df04   0x0003df04   0x000002dc   Data   RO        10458    .rodata.ssi_ecpki_domain_secp192r1  nrf_cc310_0.9.12.lib(ssi_ecpki_domain_secp192r1.c.obj)
    0x0003e1e0   0x0003e1e0   0x000002dc   Data   RO        10463    .rodata.ssi_ecpki_domain_secp224k1  nrf_cc310_0.9.12.lib(ssi_ecpki_domain_secp224k1.c.obj)
    0x0003e4bc   0x0003e4bc   0x000002dc   Data   RO        10468    .rodata.ssi_ecpki_domain_secp224r1  nrf_cc310_0.9.12.lib(ssi_ecpki_domain_secp224r1.c.obj)
    0x0003e798   0x0003e798   0x000002dc   Data   RO        10473    .rodata.ssi_ecpki_domain_secp256k1  nrf_cc310_0.9.12.lib(ssi_ecpki_domain_secp256k1.c.obj)
    0x0003ea74   0x0003ea74   0x000002dc   Data   RO        10478    .rodata.ssi_ecpki_domain_secp256r1  nrf_cc310_0.9.12.lib(ssi_ecpki_domain_secp256r1.c.obj)
    0x0003ed50   0x0003ed50   0x000002dc   Data   RO        10483    .rodata.ssi_ecpki_domain_secp384r1  nrf_cc310_0.9.12.lib(ssi_ecpki_domain_secp384r1.c.obj)
    0x0003f02c   0x0003f02c   0x000002dc   Data   RO        10488    .rodata.ssi_ecpki_domain_secp521r1  nrf_cc310_0.9.12.lib(ssi_ecpki_domain_secp521r1.c.obj)
    0x0003f308   0x0003f308   0x00000020   Data   RO        10629    Region$$Table       anon$$obj.o
    0x0003f328   0x0003f328   0x00000008   Data   RO         5083    crypto_data         cc310_backend_init.o
    0x0003f330   0x0003f330   0x00000010   Data   RO         8978    log_backends        nrf_log_default_backends.o
    0x0003f340   0x0003f340   0x00000008   Data   RO         1165    log_const_data      ble_db_discovery.o
    0x0003f348   0x0003f348   0x00000008   Data   RO         1361    log_const_data      gatt_cache_manager.o
    0x0003f350   0x0003f350   0x00000008   Data   RO         1519    log_const_data      gatts_cache_manager.o
    0x0003f358   0x0003f358   0x00000008   Data   RO         1626    log_const_data      id_manager.o
    0x0003f360   0x0003f360   0x00000008   Data   RO         1778    log_const_data      nrf_ble_gatt.o
    0x0003f368   0x0003f368   0x00000008   Data   RO         1879    log_const_data      nrf_ble_gq.o
    0x0003f370   0x0003f370   0x00000008   Data   RO         1961    log_const_data      nrf_ble_lesc.o
    0x0003f378   0x0003f378   0x00000008   Data   RO         2352    log_const_data      nrf_ble_scan.o
    0x0003f380   0x0003f380   0x00000008   Data   RO         2485    log_const_data      peer_data_storage.o
    0x0003f388   0x0003f388   0x00000008   Data   RO         2622    log_const_data      peer_database.o
    0x0003f390   0x0003f390   0x00000008   Data   RO         2861    log_const_data      peer_manager.o
    0x0003f398   0x0003f398   0x00000008   Data   RO         3137    log_const_data      peer_manager_handler.o
    0x0003f3a0   0x0003f3a0   0x00000008   Data   RO         3290    log_const_data      security_dispatcher.o
    0x0003f3a8   0x0003f3a8   0x00000008   Data   RO         3450    log_const_data      security_manager.o
    0x0003f3b0   0x0003f3b0   0x00000008   Data   RO         3608    log_const_data      ble_bas_c.o
    0x0003f3b8   0x0003f3b8   0x00000008   Data   RO         3681    log_const_data      ble_hrs_c.o
    0x0003f3c0   0x0003f3c0   0x00000008   Data   RO         5406    log_const_data      nrf_drv_clock.o
    0x0003f3c8   0x0003f3c8   0x00000008   Data   RO         5543    log_const_data      nrf_drv_rng.o
    0x0003f3d0   0x0003f3d0   0x00000008   Data   RO         5822    log_const_data      nrfx_clock.o
    0x0003f3d8   0x0003f3d8   0x00000008   Data   RO         5990    log_const_data      nrfx_gpiote.o
    0x0003f3e0   0x0003f3e0   0x00000008   Data   RO         6237    log_const_data      nrfx_prs.o
    0x0003f3e8   0x0003f3e8   0x00000008   Data   RO         6291    log_const_data      nrfx_rng.o
    0x0003f3f0   0x0003f3f0   0x00000008   Data   RO         6384    log_const_data      nrfx_uart.o
    0x0003f3f8   0x0003f3f8   0x00000008   Data   RO         6575    log_const_data      nrfx_uarte.o
    0x0003f400   0x0003f400   0x00000008   Data   RO         6731    log_const_data      app_button.o
    0x0003f408   0x0003f408   0x00000008   Data   RO         6973    log_const_data      app_timer2.o
    0x0003f410   0x0003f410   0x00000008   Data   RO         7701    log_const_data      mem_manager.o
    0x0003f418   0x0003f418   0x00000008   Data   RO         8199    log_const_data      nrf_fstorage.o
    0x0003f420   0x0003f420   0x00000008   Data   RO         8473    log_const_data      nrf_pwr_mgmt.o
    0x0003f428   0x0003f428   0x00000008   Data   RO         8755    log_const_data      nrf_sortlist.o
    0x0003f430   0x0003f430   0x00000008   Data   RO         9045    log_const_data      nrf_log_frontend.o
    0x0003f438   0x0003f438   0x00000008   Data   RO         9631    log_const_data      nrf_sdh.o
    0x0003f440   0x0003f440   0x00000008   Data   RO         9741    log_const_data      nrf_sdh_ble.o
    0x0003f448   0x0003f448   0x00000008   Data   RO         9790    log_const_data      nrf_sdh_soc.o
    0x0003f450   0x0003f450   0x00000014   Data   RO           35    nrf_balloc          main.o
    0x0003f464   0x0003f464   0x00000014   Data   RO         9046    nrf_balloc          nrf_log_frontend.o
    0x0003f478   0x0003f478   0x00000014   Data   RO           36    nrf_queue           main.o
    0x0003f48c   0x0003f48c   0x00000014   Data   RO         5544    nrf_queue           nrf_drv_rng.o
    0x0003f4a0   0x0003f4a0   0x00000004   Data   RO           37    pwr_mgmt_data1      main.o
    0x0003f4a4   0x0003f4a4   0x00000008   Data   RO          989    sdh_ble_observers0  ble_conn_state.o
    0x0003f4ac   0x0003f4ac   0x00000020   Data   RO           38    sdh_ble_observers1  main.o
    0x0003f4cc   0x0003f4cc   0x00000008   Data   RO          730    sdh_ble_observers1  bsp_btn_ble.o
    0x0003f4d4   0x0003f4d4   0x00000008   Data   RO         2862    sdh_ble_observers1  peer_manager.o
    0x0003f4dc   0x0003f4dc   0x00000010   Data   RO           39    sdh_ble_observers2  main.o
    0x0003f4ec   0x0003f4ec   0x00000008   Data   RO           40    sdh_ble_observers3  main.o
    0x0003f4f4   0x0003f4f4   0x00000008   Data   RO         8293    sdh_req_observers0  nrf_fstorage_sd.o
    0x0003f4fc   0x0003f4fc   0x00000008   Data   RO         5407    sdh_soc_observers0  nrf_drv_clock.o
    0x0003f504   0x0003f504   0x00000008   Data   RO         8294    sdh_soc_observers0  nrf_fstorage_sd.o
    0x0003f50c   0x0003f50c   0x00000008   Data   RO           41    sdh_soc_observers1  main.o
    0x0003f514   0x0003f514   0x00000008   Data   RO         9742    sdh_stack_observers0  nrf_sdh_ble.o
    0x0003f51c   0x0003f51c   0x00000008   Data   RO         9791    sdh_stack_observers0  nrf_sdh_soc.o
    0x0003f524   0x0003f524   0x00000008   Data   RO         5408    sdh_state_observers0  nrf_drv_clock.o
    0x0003f52c   0x0003f52c   0x00000008   Data   RO         5545    sdh_state_observers0  nrf_drv_rng.o
    0x0003f534   0x0003f534   0x00000008   Data   RO         8295    sdh_state_observers0  nrf_fstorage_sd.o


    Execution Region RW_IRAM1 (Exec base: 0x20002b28, Load base: 0x0003f53c, Size: 0x000062a4, Max: 0x0003d4d8, ABSOLUTE, COMPRESSED[0x000000b8])

    Exec Addr    Load Addr    Size         Type   Attr      Idx    E Section Name        Object

    0x20002b28   COMPRESSED   0x00000002   Data   RW           30    .data               main.o
    0x20002b2a   COMPRESSED   0x00000002   PAD
    0x20002b2c   COMPRESSED   0x000005ec   Data   RW           31    .data               main.o
    0x20003118   COMPRESSED   0x00000004   Data   RW           32    .data               main.o
    0x2000311c   COMPRESSED   0x00000008   Data   RW           33    .data               main.o
    0x20003124   COMPRESSED   0x00000008   Data   RW           34    .data               main.o
    0x2000312c   COMPRESSED   0x00000010   Data   RW          628    .data               bsp.o
    0x2000313c   COMPRESSED   0x00000008   Data   RW          729    .data               bsp_btn_ble.o
    0x20003144   COMPRESSED   0x00000010   Data   RW         1164    .data               ble_db_discovery.o
    0x20003154   COMPRESSED   0x00000010   Data   RW         1360    .data               gatt_cache_manager.o
    0x20003164   COMPRESSED   0x0000000c   Data   RW         1518    .data               gatts_cache_manager.o
    0x20003170   COMPRESSED   0x00000001   Data   RW         1625    .data               id_manager.o
    0x20003171   COMPRESSED   0x00000003   PAD
    0x20003174   COMPRESSED   0x00000008   Data   RW         1960    .data               nrf_ble_lesc.o
    0x2000317c   COMPRESSED   0x0000000c   Data   RW         2484    .data               peer_data_storage.o
    0x20003188   COMPRESSED   0x00000008   Data   RW         2621    .data               peer_database.o
    0x20003190   COMPRESSED   0x00000010   Data   RW         2860    .data               peer_manager.o
    0x200031a0   COMPRESSED   0x00000060   Data   RW         3135    .data               peer_manager_handler.o
    0x20003200   COMPRESSED   0x00000005   Data   RW         3289    .data               security_dispatcher.o
    0x20003205   COMPRESSED   0x00000003   PAD
    0x20003208   COMPRESSED   0x00000011   Data   RW         3449    .data               security_manager.o
    0x20003219   COMPRESSED   0x00000001   Data   RW         4243    .data               nrf_crypto_init.o
    0x2000321a   COMPRESSED   0x00000002   PAD
    0x2000321c   COMPRESSED   0x00000008   Data   RW         4297    .data               nrf_crypto_rng.o
    0x20003224   COMPRESSED   0x00000004   Data   RW         5119    .data               cc310_backend_mutex.o
    0x20003228   COMPRESSED   0x00000004   Data   RW         5206    .data               cc310_backend_shared.o
    0x2000322c   COMPRESSED   0x00000003   Data   RW         5542    .data               nrf_drv_rng.o
    0x2000322f   COMPRESSED   0x00000001   PAD
    0x20003230   COMPRESSED   0x00000014   Data   RW         5615    .data               nrf_drv_uart.o
    0x20003244   COMPRESSED   0x00000008   Data   RW         5821    .data               nrfx_clock.o
    0x2000324c   COMPRESSED   0x00000008   Data   RW         6236    .data               nrfx_prs.o
    0x20003254   COMPRESSED   0x00000008   Data   RW         6290    .data               nrfx_rng.o
    0x2000325c   COMPRESSED   0x00000004   PAD
    0x20003260   COMPRESSED   0x00000018   Data   RW         6730    .data               app_button.o
    0x20003278   COMPRESSED   0x00000020   Data   RW         6971    .data               app_timer2.o
    0x20003298   COMPRESSED   0x00000004   Data   RW         6972    .data               app_timer2.o
    0x2000329c   COMPRESSED   0x0000000c   Data   RW         7209    .data               drv_rtc.o
    0x200032a8   COMPRESSED   0x00000030   Data   RW         7407    .data               fds.o
    0x200032d8   COMPRESSED   0x00000008   Data   RW         8292    .data               nrf_fstorage_sd.o
    0x200032e0   COMPRESSED   0x00000008   Data   RW         8472    .data               nrf_pwr_mgmt.o
    0x200032e8   COMPRESSED   0x00000018   Data   RW         8906    .data               nrf_log_backend_uart.o
    0x20003300   COMPRESSED   0x00000008   Data   RW         8977    .data               nrf_log_default_backends.o
    0x20003308   COMPRESSED   0x00000008   Data   RW         9043    .data               nrf_log_frontend.o
    0x20003310   COMPRESSED   0x00000008   Data   RW         9044    .data               nrf_log_frontend.o
    0x20003318   COMPRESSED   0x00000040   Data   RW         9203    .data               nrf_log_str_formatter.o
    0x20003358   COMPRESSED   0x00000003   Data   RW         9630    .data               nrf_sdh.o
    0x2000335b   COMPRESSED   0x00000001   Data   RW         9740    .data               nrf_sdh_ble.o
    0x2000335c   COMPRESSED   0x00000004   Data   RW        10005    .data               system_nrf52840.o
    0x20003360   COMPRESSED   0x00000014   Data   RW         7408    fs_data             fds.o
    0x20003374        -       0x00000120   Zero   RW           22    .bss                main.o
    0x20003494        -       0x0000000c   Zero   RW           23    .bss                main.o
    0x200034a0        -       0x0000000c   Zero   RW           24    .bss                main.o
    0x200034ac        -       0x000000c0   Zero   RW           25    .bss                main.o
    0x2000356c        -       0x000000b8   Zero   RW           26    .bss                main.o
    0x20003624   COMPRESSED   0x00000004   PAD
    0x20003628        -       0x00000020   Zero   RW          623    .bss                bsp.o
    0x20003648        -       0x00000020   Zero   RW          624    .bss                bsp.o
    0x20003668        -       0x0000000c   Zero   RW          625    .bss                bsp.o
    0x20003674   COMPRESSED   0x00000004   PAD
    0x20003678        -       0x00000020   Zero   RW          626    .bss                bsp.o
    0x20003698        -       0x0000007c   Zero   RW          988    .bss                ble_conn_state.o
    0x20003714        -       0x00000018   Zero   RW         1160    .bss                ble_db_discovery.o
    0x2000372c        -       0x000000d8   Zero   RW         1621    .bss                id_manager.o
    0x20003804        -       0x0000119b   Zero   RW         1957    .bss                nrf_ble_lesc.o
    0x2000499f   COMPRESSED   0x00000001   PAD
    0x200049a0        -       0x00000180   Zero   RW         2617    .bss                peer_database.o
    0x20004b20        -       0x00000040   Zero   RW         2733    .bss                peer_id.o
    0x20004b60        -       0x0000000c   Zero   RW         2856    .bss                peer_manager.o
    0x20004b6c        -       0x00000040   Zero   RW         3285    .bss                security_dispatcher.o
    0x20004bac        -       0x000018c8   Zero   RW         4295    .bss                nrf_crypto_rng.o
    0x20006474        -       0x00000014   Zero   RW         5400    .bss                nrf_drv_clock.o
    0x20006488        -       0x00000041   Zero   RW         5536    .bss                nrf_drv_rng.o
    0x200064c9   COMPRESSED   0x00000003   PAD
    0x200064cc        -       0x0000000c   Zero   RW         5537    .bss                nrf_drv_rng.o
    0x200064d8        -       0x0000006c   Zero   RW         5984    .bss                nrfx_gpiote.o
    0x20006544        -       0x0000002c   Zero   RW         6378    .bss                nrfx_uart.o
    0x20006570        -       0x00000024   Zero   RW         6569    .bss                nrfx_uarte.o
    0x20006594   COMPRESSED   0x00000004   PAD
    0x20006598        -       0x00000020   Zero   RW         6726    .bss                app_button.o
    0x200065b8        -       0x00000020   Zero   RW         6727    .bss                app_button.o
    0x200065d8        -       0x00000010   Zero   RW         6967    .bss                app_timer2.o
    0x200065e8        -       0x00000058   Zero   RW         6968    .bss                app_timer2.o
    0x20006640        -       0x0000000c   Zero   RW         7097    .bss                app_util_platform.o
    0x2000664c        -       0x00000010   Zero   RW         7404    .bss                fds.o
    0x2000665c        -       0x000000e0   Zero   RW         7405    .bss                fds.o
    0x2000673c        -       0x00000010   Zero   RW         8288    .bss                nrf_fstorage_sd.o
    0x2000674c        -       0x000000a0   Zero   RW         8289    .bss                nrf_fstorage_sd.o
    0x200067ec        -       0x0000000c   Zero   RW         8468    .bss                nrf_pwr_mgmt.o
    0x200067f8        -       0x00000040   Zero   RW         8903    .bss                nrf_log_backend_uart.o
    0x20006838        -       0x000000c0   Zero   RW         9037    .bss                nrf_log_frontend.o
    0x200068f8        -       0x00000080   Zero   RW         9038    .bss                nrf_log_frontend.o
    0x20006978        -       0x00000018   Zero   RW         9039    .bss                nrf_log_frontend.o
    0x20006990        -       0x00000424   Zero   RW         9040    .bss                nrf_log_frontend.o
    0x20006db4        -       0x00000004   Zero   RW        10352    .bss.m_irr_sem      nrf_cc310_0.9.12.lib(ssi_hal.c.obj)
    0x20006db8        -       0x00002000   Zero   RW         9993    STACK               arm_startup_nrf52840.o
    0x20008db8        -       0x00000004   Zero   RW        10624    pSaSiGenVecMutex    anon$$obj.o
    0x20008dbc        -       0x00000004   Zero   RW        10623    pSaSiRndCryptoMutex  anon$$obj.o
    0x20008dc0        -       0x00000004   Zero   RW        10626    sasiAsymCryptoMutex  anon$$obj.o
    0x20008dc4        -       0x00000004   Zero   RW        10627    sasiGenVecMutex     anon$$obj.o
    0x20008dc8        -       0x00000004   Zero   RW        10625    sasiSymCryptoMutex  anon$$obj.o


==============================================================================

Image component sizes


      Code (inc. data)   RO Data    RW Data    ZI Data      Debug   Object Name

       664         66         27         24         64      17234   app_button.o
        22          0          0          0          0       2373   app_error.o
       132         46          0          0          0      27369   app_error_weak.o
         0          0          0          0          0      37066   app_scheduler.o
       846         88         38         36        104      15905   app_timer2.o
       124         14          0          0         12       9390   app_util_platform.o
        36          8        512          0       8192        896   arm_startup_nrf52840.o
         0          0          0          0          0        392   auth_status_tracker.o
       314          0          0          0          0      45039   ble_advdata.o
       520         12         18          0          0      11302   ble_bas_c.o
       828         66          8          0        124      17941   ble_conn_state.o
      1966        156        377         16         24      29531   ble_db_discovery.o
       454          4         18          0          0      46313   ble_hrs_c.o
       440         46          8          0          0      54319   boards.o
      1016         90         44         16        108      14999   bsp.o
       252         10          8          8          0       4564   bsp_btn_ble.o
         0          0          0          0          0        828   cc310_backend_aes.o
       920         28         12          0          0      52962   cc310_backend_ecc.o
       260          8          0          0          0       5247   cc310_backend_ecdh.o
        88         14          8          0          0       4404   cc310_backend_init.o
         0          0          0          4          0       1136   cc310_backend_mutex.o
       514         56          0          0          0       6679   cc310_backend_rng.o
       116         34          0          4          0      30049   cc310_backend_shared.o
       696         76          6         12          0      45621   drv_rtc.o
      3848        342         24         68        240      46454   fds.o
      2152        552        553         16          0      32731   gatt_cache_manager.o
       686         84        462         12          0      16043   gatts_cache_manager.o
      1546         70        272          1        216      19086   id_manager.o
      2210        626        244       1538        688     183768   main.o
         0          0         17          0          0       5393   mem_manager.o
       342          0          0          0          0       6390   nrf_atfifo.o
       170          0          0          0          0       4516   nrf_atflags.o
       332          0          0          0          0       9622   nrf_atomic.o
       164          0          0          0          0       3472   nrf_balloc.o
       926        272        205          0          0      36783   nrf_ble_gatt.o
      1122        114        117          0          0      10563   nrf_ble_gq.o
      1292        618         87          8       4507      67671   nrf_ble_lesc.o
      1514         44         17          0          0      17549   nrf_ble_scan.o
       452         26        472          0          0       9962   nrf_crypto_ecc.o
       164          8         72          0          0       2698   nrf_crypto_ecdh.o
        92         20          0          1          0       2770   nrf_crypto_init.o
       476        116          0          8       6344       7633   nrf_crypto_rng.o
       276         34         30          0         20      37364   nrf_drv_clock.o
       136         14         40          3         77       4388   nrf_drv_rng.o
       200         26          0         20          0      17428   nrf_drv_uart.o
        50          0          0          0          0       3369   nrf_fprintf.o
       866          4         16          0          0       6354   nrf_fprintf_format.o
      1052        442        194          0          0       8483   nrf_fstorage.o
       798         82         72          8        176      15291   nrf_fstorage_sd.o
       194          0          0          0          0      11341   nrf_log_backend_serial.o
       232         44         44         24         64      20478   nrf_log_backend_uart.o
        28          4         33          8          0       3225   nrf_log_default_backends.o
      1536        114         44         16       1404      31241   nrf_log_frontend.o
       570        108        102         64          0       5420   nrf_log_str_formatter.o
       346          0          0          0          0       9211   nrf_memobj.o
       292         42         53          8         12      37058   nrf_pwr_mgmt.o
       406          0          0          0          0       6139   nrf_queue.o
        28          0          0          0          0       2243   nrf_ringbuf.o
       552         60        104          3          0      41140   nrf_sdh.o
       728        234        539          1          0       5689   nrf_sdh_ble.o
        60          4         56          0          0       2348   nrf_sdh_soc.o
        78          0          0          0          0       2624   nrf_section_iter.o
        84          0         17          0          0       3873   nrf_sortlist.o
        76         10       1319          0          0       2583   nrf_strerror.o
       222         30         14          8          0      42950   nrfx_clock.o
      1374         92         23          0        108      59511   nrfx_gpiote.o
       112         16         12          8          0       4248   nrfx_prs.o
       220         56         12          8          0      10184   nrfx_rng.o
      1338         48         17          0         44      26789   nrfx_uart.o
      1312         48         18          0         36      25839   nrfx_uarte.o
      1160        144        281         12          0      15995   peer_data_storage.o
      1434        260        425          8        384      18682   peer_database.o
       314         38          0          0         64       8627   peer_id.o
      1802        476        217         16         12      22085   peer_manager.o
      1824        842        832         96          0       9008   peer_manager_handler.o
       234          0          0          0          0       5207   pm_buffer.o
      2266        282        939          5         64      29299   security_dispatcher.o
      1384        116        411         17          0      53486   security_manager.o
       476         60          0          4          0       2231   system_nrf52840.o

    ----------------------------------------------------------------------
     51868       7444       9624       2124      23124    1576094   Object Totals
         0          0         32          0         20          0   (incl. Generated)
       112          0        102         15         16          0   (incl. Padding)

    ----------------------------------------------------------------------

      Code (inc. data)   RO Data    RW Data    ZI Data      Debug   Library Member Name

        86          0          0          0          0          0   __dczerorl2.o
         8          4        133          0          0         68   ctype_o.o
         0          0          0          0          0          0   entry.o
         0          0          0          0          0          0   entry10a.o
         0          0          0          0          0          0   entry11a.o
         4          0          0          0          0          0   entry12b.o
         8          4          0          0          0          0   entry2.o
         4          0          0          0          0          0   entry5.o
         0          0          0          0          0          0   entry7b.o
         0          0          0          0          0          0   entry8b.o
         8          4          0          0          0          0   entry9a.o
        30          0          0          0          0          0   handlers.o
        36          8          0          0          0         68   init.o
        30          0          0          0          0         68   llshl.o
        32          0          0          0          0         68   llushr.o
        26          0          0          0          0         80   memcmp.o
        66          0          0          0          0         76   memmove.o
        36          0          0          0          0        108   memseta.o
        28          0          0          0          0         76   strcmp.o
        14          0          0          0          0         68   strlen.o
        98          0          0          0          0         92   uldiv.o
      1888        378         47          0          0          0   aes_driver.c.obj
       304         24          0          0          0          0   crys_common_conv_endian.c.obj
       728          0          0          0          0          0   crys_common_math.c.obj
       268         20          0          0          0          0   crys_ec_edw.c.obj
       692         36          0          0          0          0   crys_ec_mont.c.obj
       232         40          0          0          0          0   crys_ecdh.c.obj
       328         56          0          0          0          0   crys_ecpki_build_priv.c.obj
       648         76          0          0          0          0   crys_ecpki_build_publ.c.obj
        24          4          0          0          0          0   crys_ecpki_domain.c.obj
       260         24          0          0          0          0   crys_ecpki_kg.c.obj
       492         62          0          0          0          0   crys_hash.c.obj
      2896        200        159          0          0          0   crys_rnd.c.obj
       676         40         23          0          0          0   ec_edw.c.obj
         8          4       1288          0          0          0   ec_edw_domain_25519.c.obj
       100          8         23          0          0          0   ec_mont.c.obj
         8          4        248          0          0          0   ec_mont_domain_curve25519.c.obj
       668         80          0          0          0          0   ec_wrst.c.obj
       220         28          0          0          0          0   ec_wrst_genkey.c.obj
       684        100        131          0          0          0   hash_driver.c.obj
       288         56          0          0          0          0   llf_rnd.c.obj
      1032        112          0          0          0          0   llf_rnd_fetrng.c.obj
      1324        156         78          0          0          0   pka.c.obj
      1512        172          0          0          0          0   pka_ec_edw.c.obj
      1072         68          0          0          0          0   pka_ec_mont.c.obj
       744         60          0          0          0          0   pka_ec_wrst.c.obj
      3668        252          0          0          0          0   pka_ec_wrst_smul_scap.c.obj
        80          0          0          0          0          0   pki.c.obj
      1928        316          0          0          0          0   pki_modular_arithmetic.c.obj
       104         16          0          0          0          0   sns_silib.c.obj
       624        106         24          0          0          0   ssi_aes.c.obj
         8          4        732          0          0          0   ssi_ecpki_domain_secp160k1.c.obj
         8          4        732          0          0          0   ssi_ecpki_domain_secp160r1.c.obj
         8          4        732          0          0          0   ssi_ecpki_domain_secp160r2.c.obj
         8          4        732          0          0          0   ssi_ecpki_domain_secp192k1.c.obj
         8          4        732          0          0          0   ssi_ecpki_domain_secp192r1.c.obj
         8          4        732          0          0          0   ssi_ecpki_domain_secp224k1.c.obj
         8          4        732          0          0          0   ssi_ecpki_domain_secp224r1.c.obj
         8          4        732          0          0          0   ssi_ecpki_domain_secp256k1.c.obj
         8          4        732          0          0          0   ssi_ecpki_domain_secp256r1.c.obj
         8          4        732          0          0          0   ssi_ecpki_domain_secp384r1.c.obj
         8          4        732          0          0          0   ssi_ecpki_domain_secp521r1.c.obj
         0          0         48          0          0          0   ssi_ecpki_info.c.obj
       208         48         45          0          4          0   ssi_hal.c.obj
       196         44         85          0          0          0   ssi_pal.c.obj
        36          8          0          0          0          0   ssi_pal_abort.c.obj
         8          0          0          0          0          0   ssi_pal_dma.c.obj
        24          0          0          0          0          0   ssi_pal_mem.c.obj
       160         16         95          0          0          0   ssi_pal_mutex.c.obj
        24          0          0          0          0          0   ssi_pal_trng.c.obj
       100          4         47          0          0          0   ssi_rng_plat.c.obj
       152          0          0          0          0          0   sw_hash_common.c.obj
       504         28         64          0          0          0   sw_llf_hash_sha512.c.obj
      1380          8        640          0          0          0   sw_llfcd_hash_sha512.c.obj

    ----------------------------------------------------------------------
     26900       2718      11252          0          4        772   Library Totals
         6          0         22          0          0          0   (incl. Padding)

    ----------------------------------------------------------------------

      Code (inc. data)   RO Data    RW Data    ZI Data      Debug   Library Name

       514         20        133          0          0        772   mc_w.l
     26380       2698      11097          0          4          0   nrf_cc310_0.9.12.lib

    ----------------------------------------------------------------------
     26900       2718      11252          0          4        772   Library Totals

    ----------------------------------------------------------------------

==============================================================================


      Code (inc. data)   RO Data    RW Data    ZI Data      Debug   

     78768      10162      20876       2124      23128    1511790   Grand Totals
     78768      10162      20876        184      23128    1511790   ELF Image Totals (compressed)
     78768      10162      20876        184          0          0   ROM Totals

==============================================================================

    Total RO  Size (Code + RO Data)                99644 (  97.31kB)
    Total RW  Size (RW Data + ZI Data)             25252 (  24.66kB)
    Total ROM Size (Code + RO Data + RW Data)      99828 (  97.49kB)

==============================================================================

